2025-07-21 09:56:43.435 +07:00 [WRN] (Microsoft.AspNetCore.StaticFiles.StaticFileMiddleware) The WebRootPath was not found: C:\Users\Nguyn\Desktop\Đồ án tốt nghiệp\BookStoreManagement\src\Bookstore.Api\wwwroot. Static files may be unavailable.
2025-07-21 09:56:43.650 +07:00 [INF] (Microsoft.Hosting.Lifetime) Now listening on: https://localhost:7264
2025-07-21 09:56:43.652 +07:00 [INF] (Microsoft.Hosting.Lifetime) Now listening on: http://localhost:5244
2025-07-21 09:56:43.763 +07:00 [INF] (Microsoft.Hosting.Lifetime) Application started. Press Ctrl+C to shut down.
2025-07-21 09:56:43.765 +07:00 [INF] (Microsoft.Hosting.Lifetime) Hosting environment: Development
2025-07-21 09:56:43.766 +07:00 [INF] (Microsoft.Hosting.Lifetime) Content root path: C:\Users\Nguyn\Desktop\Đồ án tốt nghiệp\BookStoreManagement\src\Bookstore.Api
2025-07-21 10:01:59.998 +07:00 [WRN] (Microsoft.AspNetCore.StaticFiles.StaticFileMiddleware) The WebRootPath was not found: C:\Users\Nguyn\Desktop\Đồ án tốt nghiệp\BookStoreManagement\src\Bookstore.Api\wwwroot. Static files may be unavailable.
2025-07-21 10:02:00.185 +07:00 [INF] (Microsoft.Hosting.Lifetime) Now listening on: https://localhost:7264
2025-07-21 10:02:00.188 +07:00 [INF] (Microsoft.Hosting.Lifetime) Now listening on: http://localhost:5244
2025-07-21 10:02:00.303 +07:00 [INF] (Microsoft.Hosting.Lifetime) Application started. Press Ctrl+C to shut down.
2025-07-21 10:02:00.305 +07:00 [INF] (Microsoft.Hosting.Lifetime) Hosting environment: Development
2025-07-21 10:02:00.306 +07:00 [INF] (Microsoft.Hosting.Lifetime) Content root path: C:\Users\Nguyn\Desktop\Đồ án tốt nghiệp\BookStoreManagement\src\Bookstore.Api
2025-07-21 10:02:46.966 +07:00 [INF] (Bookstore.Application.Services.DashboardService) Fetching home dashboard data.
2025-07-21 10:02:48.065 +07:00 [WRN] (Microsoft.EntityFrameworkCore.Model) No instantiatable types implementing `IEntityTypeConfiguration` were found while while scanning assembly 'Bookstore.Infrastructure, Version=1.0.0.0, Culture=neutral, PublicKeyToken=null'.
2025-07-21 10:02:48.196 +07:00 [WRN] (Microsoft.EntityFrameworkCore.Model.Validation) Entity 'Book' has a global query filter defined and is the required end of a relationship with the entity 'CartItem'. This may lead to unexpected results when the required entity is filtered out. Either configure the navigation as optional, or define matching query filters for both entities in the navigation. See https://go.microsoft.com/fwlink/?linkid=2131316 for more information.
2025-07-21 10:02:48.199 +07:00 [WRN] (Microsoft.EntityFrameworkCore.Model.Validation) Entity 'Book' has a global query filter defined and is the required end of a relationship with the entity 'InventoryLog'. This may lead to unexpected results when the required entity is filtered out. Either configure the navigation as optional, or define matching query filters for both entities in the navigation. See https://go.microsoft.com/fwlink/?linkid=2131316 for more information.
2025-07-21 10:02:48.200 +07:00 [WRN] (Microsoft.EntityFrameworkCore.Model.Validation) Entity 'Book' has a global query filter defined and is the required end of a relationship with the entity 'OrderDetail'. This may lead to unexpected results when the required entity is filtered out. Either configure the navigation as optional, or define matching query filters for both entities in the navigation. See https://go.microsoft.com/fwlink/?linkid=2131316 for more information.
2025-07-21 10:02:48.201 +07:00 [WRN] (Microsoft.EntityFrameworkCore.Model.Validation) Entity 'Book' has a global query filter defined and is the required end of a relationship with the entity 'Reviews'. This may lead to unexpected results when the required entity is filtered out. Either configure the navigation as optional, or define matching query filters for both entities in the navigation. See https://go.microsoft.com/fwlink/?linkid=2131316 for more information.
2025-07-21 10:02:48.203 +07:00 [WRN] (Microsoft.EntityFrameworkCore.Model.Validation) Entity 'Book' has a global query filter defined and is the required end of a relationship with the entity 'StockReceiptDetail'. This may lead to unexpected results when the required entity is filtered out. Either configure the navigation as optional, or define matching query filters for both entities in the navigation. See https://go.microsoft.com/fwlink/?linkid=2131316 for more information.
2025-07-21 10:02:48.205 +07:00 [WRN] (Microsoft.EntityFrameworkCore.Model.Validation) Entity 'Book' has a global query filter defined and is the required end of a relationship with the entity 'WishlistItem'. This may lead to unexpected results when the required entity is filtered out. Either configure the navigation as optional, or define matching query filters for both entities in the navigation. See https://go.microsoft.com/fwlink/?linkid=2131316 for more information.
2025-07-21 10:02:48.213 +07:00 [WRN] (Microsoft.EntityFrameworkCore.Model.Validation) Sensitive data logging is enabled. Log entries and exception messages may include sensitive application data; this mode should only be enabled during development.
2025-07-21 10:02:49.208 +07:00 [INF] (Microsoft.EntityFrameworkCore.Database.Command) Executed DbCommand (47ms) [Parameters=[], CommandType='"Text"', CommandTimeout='30']
SELECT [b].[Id], [b].[AuthorId], [b].[CategoryId], [b].[CoverImageUrl], [b].[CreatedAtUtc], [b].[Description], [b].[ISBN], [b].[IsDeleted], [b].[Price], [b].[PublicationYear], [b].[Publisher], [b].[StockQuantity], [b].[Title], [b].[UpdatedAtUtc], [a].[Id], [a].[Biography], [a].[CreatedAtUtc], [a].[Name], [a].[UpdatedAtUtc]
FROM [Books] AS [b]
LEFT JOIN [Authors] AS [a] ON [b].[AuthorId] = [a].[Id]
WHERE [b].[IsDeleted] = CAST(0 AS bit)
ORDER BY [b].[CreatedAtUtc] DESC
2025-07-21 10:02:49.255 +07:00 [INF] (Bookstore.Application.Services.DashboardService) Fetched 8 newest books.
2025-07-21 10:02:49.377 +07:00 [INF] (Microsoft.EntityFrameworkCore.Database.Command) Executed DbCommand (35ms) [Parameters=[@__p_2='5', @__inclusiveStartDate_0='2025-06-21T00:00:00.0000000Z', @__inclusiveEndDate_1='2025-07-22T00:00:00.0000000Z'], CommandType='"Text"', CommandTimeout='30']
SELECT [s].[BookId], [b2].[Title] AS [BookTitle], [s].[TotalQuantitySold]
FROM (
    SELECT TOP(@__p_2) [o].[BookId], COALESCE(SUM([o].[Quantity]), 0) AS [TotalQuantitySold]
    FROM [OrderDetails] AS [o]
    INNER JOIN [Orders] AS [o0] ON [o].[OrderId] = [o0].[Id]
    INNER JOIN (
        SELECT [b].[Id], [b].[IsDeleted]
        FROM [Books] AS [b]
        WHERE [b].[IsDeleted] = CAST(0 AS bit)
    ) AS [b0] ON [o].[BookId] = [b0].[Id]
    WHERE [o0].[Status] = CAST(3 AS tinyint) AND [o0].[OrderDate] >= @__inclusiveStartDate_0 AND [o0].[OrderDate] < @__inclusiveEndDate_1 AND [b0].[IsDeleted] = CAST(0 AS bit)
    GROUP BY [o].[BookId]
    ORDER BY COALESCE(SUM([o].[Quantity]), 0) DESC
) AS [s]
INNER JOIN (
    SELECT [b1].[Id], [b1].[Title]
    FROM [Books] AS [b1]
    WHERE [b1].[IsDeleted] = CAST(0 AS bit)
) AS [b2] ON [s].[BookId] = [b2].[Id]
ORDER BY [s].[TotalQuantitySold] DESC
2025-07-21 10:02:49.442 +07:00 [INF] (Microsoft.EntityFrameworkCore.Database.Command) Executed DbCommand (9ms) [Parameters=[@__bestsellerBookIds_0='["f233a54e-3ee6-4916-aa37-12f3d1507322","5b413a44-ec6d-401a-b4a7-42597d8f8458","72394bf9-fb99-4dde-aff2-5bd54abf48c0","082458e5-29ef-41e2-8897-1fb0fe7199d8","d4853358-c81b-429c-8d82-253296409b97"]' (Size = 4000)], CommandType='"Text"', CommandTimeout='30']
SELECT [b].[Id], [b].[AuthorId], [b].[CategoryId], [b].[CoverImageUrl], [b].[CreatedAtUtc], [b].[Description], [b].[ISBN], [b].[IsDeleted], [b].[Price], [b].[PublicationYear], [b].[Publisher], [b].[StockQuantity], [b].[Title], [b].[UpdatedAtUtc], [a].[Id], [a].[Biography], [a].[CreatedAtUtc], [a].[Name], [a].[UpdatedAtUtc]
FROM [Books] AS [b]
LEFT JOIN [Authors] AS [a] ON [b].[AuthorId] = [a].[Id]
WHERE [b].[IsDeleted] = CAST(0 AS bit) AND [b].[Id] IN (
    SELECT [b0].[value]
    FROM OPENJSON(@__bestsellerBookIds_0) WITH ([value] uniqueidentifier '$') AS [b0]
) AND [b].[IsDeleted] = CAST(0 AS bit)
2025-07-21 10:02:49.452 +07:00 [INF] (Bookstore.Application.Services.DashboardService) Fetched 5 bestselling books.
2025-07-21 10:02:49.468 +07:00 [INF] (Microsoft.EntityFrameworkCore.Database.Command) Executed DbCommand (4ms) [Parameters=[@__currentDate_0='2025-07-21T03:02:49.4542638Z', @__currentDate_1='2025-07-21T03:02:49.4542638Z' (Nullable = true)], CommandType='"Text"', CommandTimeout='30']
SELECT [p].[Id], [p].[Code], [p].[CreatedAtUtc], [p].[CurrentUsage], [p].[Description], [p].[DiscountAmount], [p].[DiscountPercentage], [p].[EndDate], [p].[IsActive], [p].[MaxUsage], [p].[StartDate], [p].[UpdatedAtUtc]
FROM [Promotions] AS [p]
WHERE [p].[IsActive] = CAST(1 AS bit) AND [p].[StartDate] <= @__currentDate_0 AND ([p].[EndDate] IS NULL OR [p].[EndDate] >= @__currentDate_1) AND ([p].[MaxUsage] IS NULL OR [p].[CurrentUsage] < [p].[MaxUsage])
ORDER BY [p].[EndDate]
2025-07-21 10:02:49.490 +07:00 [INF] (Microsoft.EntityFrameworkCore.Database.Command) Executed DbCommand (4ms) [Parameters=[], CommandType='"Text"', CommandTimeout='30']
SELECT [c].[Id], [c].[CreatedAtUtc], [c].[Description], [c].[IsDeleted], [c].[Name], [c].[ParentCategoryId], [c].[UpdatedAtUtc]
FROM [Categories] AS [c]
WHERE [c].[IsDeleted] = CAST(0 AS bit) AND [c].[ParentCategoryId] IS NULL AND [c].[IsDeleted] = CAST(0 AS bit)
ORDER BY [c].[Name]
2025-07-21 10:02:49.499 +07:00 [INF] (Bookstore.Application.Services.DashboardService) Successfully fetched home dashboard data.
2025-07-21 10:03:52.255 +07:00 [INF] (Microsoft.EntityFrameworkCore.Database.Command) Executed DbCommand (13ms) [Parameters=[@__email_0='adminuser' (Size = 450)], CommandType='"Text"', CommandTimeout='30']
SELECT [u1].[Id], [u1].[CreatedAtUtc], [u1].[Email], [u1].[FirstName], [u1].[IsActive], [u1].[LastName], [u1].[PasswordHash], [u1].[PhoneNumber], [u1].[UpdatedAtUtc], [u1].[UserName], [s].[UserId], [s].[RoleId], [s].[Id], [s].[CreatedAtUtc], [s].[Name], [s].[UpdatedAtUtc]
FROM (
    SELECT TOP(1) [u].[Id], [u].[CreatedAtUtc], [u].[Email], [u].[FirstName], [u].[IsActive], [u].[LastName], [u].[PasswordHash], [u].[PhoneNumber], [u].[UpdatedAtUtc], [u].[UserName]
    FROM [Users] AS [u]
    WHERE [u].[Email] = @__email_0
) AS [u1]
LEFT JOIN (
    SELECT [u0].[UserId], [u0].[RoleId], [r].[Id], [r].[CreatedAtUtc], [r].[Name], [r].[UpdatedAtUtc]
    FROM [UserRoles] AS [u0]
    INNER JOIN [Roles] AS [r] ON [u0].[RoleId] = [r].[Id]
) AS [s] ON [u1].[Id] = [s].[UserId]
ORDER BY [u1].[Id], [s].[UserId], [s].[RoleId]
2025-07-21 10:03:52.280 +07:00 [INF] (Microsoft.EntityFrameworkCore.Database.Command) Executed DbCommand (5ms) [Parameters=[@__username_0='adminuser' (Size = 450)], CommandType='"Text"', CommandTimeout='30']
SELECT [u1].[Id], [u1].[CreatedAtUtc], [u1].[Email], [u1].[FirstName], [u1].[IsActive], [u1].[LastName], [u1].[PasswordHash], [u1].[PhoneNumber], [u1].[UpdatedAtUtc], [u1].[UserName], [s].[UserId], [s].[RoleId], [s].[Id], [s].[CreatedAtUtc], [s].[Name], [s].[UpdatedAtUtc]
FROM (
    SELECT TOP(1) [u].[Id], [u].[CreatedAtUtc], [u].[Email], [u].[FirstName], [u].[IsActive], [u].[LastName], [u].[PasswordHash], [u].[PhoneNumber], [u].[UpdatedAtUtc], [u].[UserName]
    FROM [Users] AS [u]
    WHERE [u].[UserName] = @__username_0
) AS [u1]
LEFT JOIN (
    SELECT [u0].[UserId], [u0].[RoleId], [r].[Id], [r].[CreatedAtUtc], [r].[Name], [r].[UpdatedAtUtc]
    FROM [UserRoles] AS [u0]
    INNER JOIN [Roles] AS [r] ON [u0].[RoleId] = [r].[Id]
) AS [s] ON [u1].[Id] = [s].[UserId]
ORDER BY [u1].[Id], [s].[UserId], [s].[RoleId]
2025-07-21 10:03:52.586 +07:00 [INF] (Microsoft.EntityFrameworkCore.Database.Command) Executed DbCommand (3ms) [Parameters=[@__userId_0='f54527eb-f806-40db-bf76-c7b0e5fa6d39'], CommandType='"Text"', CommandTimeout='30']
SELECT [r].[Name]
FROM [UserRoles] AS [u]
INNER JOIN [Roles] AS [r] ON [u].[RoleId] = [r].[Id]
WHERE [u].[UserId] = @__userId_0
2025-07-21 10:03:52.776 +07:00 [INF] (Bookstore.Application.Services.DashboardService) Fetching home dashboard data.
2025-07-21 10:03:52.800 +07:00 [INF] (Microsoft.EntityFrameworkCore.Database.Command) Executed DbCommand (7ms) [Parameters=[], CommandType='"Text"', CommandTimeout='30']
SELECT [b].[Id], [b].[AuthorId], [b].[CategoryId], [b].[CoverImageUrl], [b].[CreatedAtUtc], [b].[Description], [b].[ISBN], [b].[IsDeleted], [b].[Price], [b].[PublicationYear], [b].[Publisher], [b].[StockQuantity], [b].[Title], [b].[UpdatedAtUtc], [a].[Id], [a].[Biography], [a].[CreatedAtUtc], [a].[Name], [a].[UpdatedAtUtc]
FROM [Books] AS [b]
LEFT JOIN [Authors] AS [a] ON [b].[AuthorId] = [a].[Id]
WHERE [b].[IsDeleted] = CAST(0 AS bit)
ORDER BY [b].[CreatedAtUtc] DESC
2025-07-21 10:03:52.804 +07:00 [INF] (Bookstore.Application.Services.DashboardService) Fetched 8 newest books.
2025-07-21 10:03:52.820 +07:00 [INF] (Microsoft.EntityFrameworkCore.Database.Command) Executed DbCommand (13ms) [Parameters=[@__p_2='5', @__inclusiveStartDate_0='2025-06-21T00:00:00.0000000Z', @__inclusiveEndDate_1='2025-07-22T00:00:00.0000000Z'], CommandType='"Text"', CommandTimeout='30']
SELECT [s].[BookId], [b2].[Title] AS [BookTitle], [s].[TotalQuantitySold]
FROM (
    SELECT TOP(@__p_2) [o].[BookId], COALESCE(SUM([o].[Quantity]), 0) AS [TotalQuantitySold]
    FROM [OrderDetails] AS [o]
    INNER JOIN [Orders] AS [o0] ON [o].[OrderId] = [o0].[Id]
    INNER JOIN (
        SELECT [b].[Id], [b].[IsDeleted]
        FROM [Books] AS [b]
        WHERE [b].[IsDeleted] = CAST(0 AS bit)
    ) AS [b0] ON [o].[BookId] = [b0].[Id]
    WHERE [o0].[Status] = CAST(3 AS tinyint) AND [o0].[OrderDate] >= @__inclusiveStartDate_0 AND [o0].[OrderDate] < @__inclusiveEndDate_1 AND [b0].[IsDeleted] = CAST(0 AS bit)
    GROUP BY [o].[BookId]
    ORDER BY COALESCE(SUM([o].[Quantity]), 0) DESC
) AS [s]
INNER JOIN (
    SELECT [b1].[Id], [b1].[Title]
    FROM [Books] AS [b1]
    WHERE [b1].[IsDeleted] = CAST(0 AS bit)
) AS [b2] ON [s].[BookId] = [b2].[Id]
ORDER BY [s].[TotalQuantitySold] DESC
2025-07-21 10:03:52.835 +07:00 [INF] (Microsoft.EntityFrameworkCore.Database.Command) Executed DbCommand (9ms) [Parameters=[@__bestsellerBookIds_0='["f233a54e-3ee6-4916-aa37-12f3d1507322","5b413a44-ec6d-401a-b4a7-42597d8f8458","72394bf9-fb99-4dde-aff2-5bd54abf48c0","082458e5-29ef-41e2-8897-1fb0fe7199d8","d4853358-c81b-429c-8d82-253296409b97"]' (Size = 4000)], CommandType='"Text"', CommandTimeout='30']
SELECT [b].[Id], [b].[AuthorId], [b].[CategoryId], [b].[CoverImageUrl], [b].[CreatedAtUtc], [b].[Description], [b].[ISBN], [b].[IsDeleted], [b].[Price], [b].[PublicationYear], [b].[Publisher], [b].[StockQuantity], [b].[Title], [b].[UpdatedAtUtc], [a].[Id], [a].[Biography], [a].[CreatedAtUtc], [a].[Name], [a].[UpdatedAtUtc]
FROM [Books] AS [b]
LEFT JOIN [Authors] AS [a] ON [b].[AuthorId] = [a].[Id]
WHERE [b].[IsDeleted] = CAST(0 AS bit) AND [b].[Id] IN (
    SELECT [b0].[value]
    FROM OPENJSON(@__bestsellerBookIds_0) WITH ([value] uniqueidentifier '$') AS [b0]
) AND [b].[IsDeleted] = CAST(0 AS bit)
2025-07-21 10:03:52.841 +07:00 [INF] (Bookstore.Application.Services.DashboardService) Fetched 5 bestselling books.
2025-07-21 10:03:52.848 +07:00 [INF] (Microsoft.EntityFrameworkCore.Database.Command) Executed DbCommand (5ms) [Parameters=[@__currentDate_0='2025-07-21T03:03:52.8431326Z', @__currentDate_1='2025-07-21T03:03:52.8431326Z' (Nullable = true)], CommandType='"Text"', CommandTimeout='30']
SELECT [p].[Id], [p].[Code], [p].[CreatedAtUtc], [p].[CurrentUsage], [p].[Description], [p].[DiscountAmount], [p].[DiscountPercentage], [p].[EndDate], [p].[IsActive], [p].[MaxUsage], [p].[StartDate], [p].[UpdatedAtUtc]
FROM [Promotions] AS [p]
WHERE [p].[IsActive] = CAST(1 AS bit) AND [p].[StartDate] <= @__currentDate_0 AND ([p].[EndDate] IS NULL OR [p].[EndDate] >= @__currentDate_1) AND ([p].[MaxUsage] IS NULL OR [p].[CurrentUsage] < [p].[MaxUsage])
ORDER BY [p].[EndDate]
2025-07-21 10:03:52.857 +07:00 [INF] (Microsoft.EntityFrameworkCore.Database.Command) Executed DbCommand (4ms) [Parameters=[], CommandType='"Text"', CommandTimeout='30']
SELECT [c].[Id], [c].[CreatedAtUtc], [c].[Description], [c].[IsDeleted], [c].[Name], [c].[ParentCategoryId], [c].[UpdatedAtUtc]
FROM [Categories] AS [c]
WHERE [c].[IsDeleted] = CAST(0 AS bit) AND [c].[ParentCategoryId] IS NULL AND [c].[IsDeleted] = CAST(0 AS bit)
ORDER BY [c].[Name]
2025-07-21 10:03:52.860 +07:00 [INF] (Bookstore.Application.Services.DashboardService) Successfully fetched home dashboard data.
2025-07-21 10:03:57.842 +07:00 [INF] (Bookstore.Application.Services.ReportService) Fetching admin dashboard summary.
2025-07-21 10:03:57.866 +07:00 [INF] (Microsoft.EntityFrameworkCore.Database.Command) Executed DbCommand (9ms) [Parameters=[@__todayStart_0='2025-07-21T00:00:00.0000000Z', @__tomorrowStart_1='2025-07-22T00:00:00.0000000Z'], CommandType='"Text"', CommandTimeout='30']
SELECT COUNT(*)
FROM [Orders] AS [o]
WHERE [o].[OrderDate] >= @__todayStart_0 AND [o].[OrderDate] < @__tomorrowStart_1 AND [o].[Status] <> CAST(4 AS tinyint)
2025-07-21 10:03:57.887 +07:00 [INF] (Microsoft.EntityFrameworkCore.Database.Command) Executed DbCommand (7ms) [Parameters=[@__todayStart_0='2025-07-21T00:00:00.0000000Z', @__tomorrowStart_1='2025-07-22T00:00:00.0000000Z'], CommandType='"Text"', CommandTimeout='30']
SELECT COALESCE(SUM([o].[TotalAmount]), 0.0)
FROM [Orders] AS [o]
WHERE [o].[OrderDate] >= @__todayStart_0 AND [o].[OrderDate] < @__tomorrowStart_1 AND [o].[Status] = CAST(3 AS tinyint)
2025-07-21 10:03:57.932 +07:00 [INF] (Microsoft.EntityFrameworkCore.Database.Command) Executed DbCommand (3ms) [Parameters=[@__todayStart_0='2025-07-21T00:00:00.0000000Z', @__tomorrowStart_1='2025-07-22T00:00:00.0000000Z'], CommandType='"Text"', CommandTimeout='30']
SELECT COUNT(*)
FROM [Users] AS [u]
WHERE [u].[CreatedAtUtc] >= @__todayStart_0 AND [u].[CreatedAtUtc] < @__tomorrowStart_1
2025-07-21 10:03:57.942 +07:00 [INF] (Microsoft.EntityFrameworkCore.Database.Command) Executed DbCommand (3ms) [Parameters=[@__lowStockThreshold_0='10'], CommandType='"Text"', CommandTimeout='30']
SELECT COUNT(*)
FROM [Books] AS [b]
WHERE [b].[IsDeleted] = CAST(0 AS bit) AND [b].[IsDeleted] = CAST(0 AS bit) AND [b].[StockQuantity] > 0 AND [b].[StockQuantity] <= @__lowStockThreshold_0
2025-07-21 10:03:57.945 +07:00 [INF] (Bookstore.Application.Services.ReportService) Admin dashboard summary fetched successfully.
2025-07-21 10:03:59.785 +07:00 [INF] (Bookstore.Application.Services.OrderService) Fetching all orders for Admin. Page: 1, PageSize: 15, StatusFilter: None
2025-07-21 10:03:59.785 +07:00 [INF] (Bookstore.Application.Services.OrderService) Fetching all orders for Admin. Page: 1, PageSize: 15, StatusFilter: None
2025-07-21 10:03:59.824 +07:00 [INF] (Microsoft.EntityFrameworkCore.Database.Command) Executed DbCommand (12ms) [Parameters=[@__p_0='0', @__p_1='15'], CommandType='"Text"', CommandTimeout='30']
SELECT [o0].[Id], [o0].[CreatedAtUtc], [o0].[DeliveryMethod], [o0].[InvoiceNumber], [o0].[OrderDate], [o0].[OrderShippingAddressId], [o0].[OrderType], [o0].[PaymentMethod], [o0].[PaymentStatus], [o0].[Status], [o0].[TotalAmount], [o0].[TransactionId], [o0].[UpdatedAtUtc], [o0].[UserId], [u].[Id], [u].[CreatedAtUtc], [u].[Email], [u].[FirstName], [u].[IsActive], [u].[LastName], [u].[PasswordHash], [u].[PhoneNumber], [u].[UpdatedAtUtc], [u].[UserName], [o1].[Id], [o1].[BookId], [o1].[OrderId], [o1].[Quantity], [o1].[UnitPrice]
FROM (
    SELECT [o].[Id], [o].[CreatedAtUtc], [o].[DeliveryMethod], [o].[InvoiceNumber], [o].[OrderDate], [o].[OrderShippingAddressId], [o].[OrderType], [o].[PaymentMethod], [o].[PaymentStatus], [o].[Status], [o].[TotalAmount], [o].[TransactionId], [o].[UpdatedAtUtc], [o].[UserId]
    FROM [Orders] AS [o]
    ORDER BY [o].[OrderDate] DESC
    OFFSET @__p_0 ROWS FETCH NEXT @__p_1 ROWS ONLY
) AS [o0]
LEFT JOIN [Users] AS [u] ON [o0].[UserId] = [u].[Id]
LEFT JOIN [OrderDetails] AS [o1] ON [o0].[Id] = [o1].[OrderId]
ORDER BY [o0].[OrderDate] DESC, [o0].[Id], [u].[Id]
2025-07-21 10:03:59.827 +07:00 [INF] (Microsoft.EntityFrameworkCore.Database.Command) Executed DbCommand (3ms) [Parameters=[@__p_0='0', @__p_1='15'], CommandType='"Text"', CommandTimeout='30']
SELECT [o0].[Id], [o0].[CreatedAtUtc], [o0].[DeliveryMethod], [o0].[InvoiceNumber], [o0].[OrderDate], [o0].[OrderShippingAddressId], [o0].[OrderType], [o0].[PaymentMethod], [o0].[PaymentStatus], [o0].[Status], [o0].[TotalAmount], [o0].[TransactionId], [o0].[UpdatedAtUtc], [o0].[UserId], [u].[Id], [u].[CreatedAtUtc], [u].[Email], [u].[FirstName], [u].[IsActive], [u].[LastName], [u].[PasswordHash], [u].[PhoneNumber], [u].[UpdatedAtUtc], [u].[UserName], [o1].[Id], [o1].[BookId], [o1].[OrderId], [o1].[Quantity], [o1].[UnitPrice]
FROM (
    SELECT [o].[Id], [o].[CreatedAtUtc], [o].[DeliveryMethod], [o].[InvoiceNumber], [o].[OrderDate], [o].[OrderShippingAddressId], [o].[OrderType], [o].[PaymentMethod], [o].[PaymentStatus], [o].[Status], [o].[TotalAmount], [o].[TransactionId], [o].[UpdatedAtUtc], [o].[UserId]
    FROM [Orders] AS [o]
    ORDER BY [o].[OrderDate] DESC
    OFFSET @__p_0 ROWS FETCH NEXT @__p_1 ROWS ONLY
) AS [o0]
LEFT JOIN [Users] AS [u] ON [o0].[UserId] = [u].[Id]
LEFT JOIN [OrderDetails] AS [o1] ON [o0].[Id] = [o1].[OrderId]
ORDER BY [o0].[OrderDate] DESC, [o0].[Id], [u].[Id]
2025-07-21 10:04:00.897 +07:00 [INF] (Bookstore.Application.Services.StockReceiptService) Fetching all stock receipts. Page: 1, PageSize: 15
2025-07-21 10:04:00.917 +07:00 [INF] (Microsoft.EntityFrameworkCore.Database.Command) Executed DbCommand (7ms) [Parameters=[@__p_0='0', @__p_1='15'], CommandType='"Text"', CommandTimeout='30']
SELECT [s1].[Id], [s1].[CreatedAtUtc], [s1].[Notes], [s1].[ReceiptDate], [s1].[SupplierId], [s1].[UpdatedAtUtc], [s0].[Id], [s0].[Address], [s0].[ContactPerson], [s0].[CreatedAtUtc], [s0].[Email], [s0].[Name], [s0].[Phone], [s0].[UpdatedAtUtc]
FROM (
    SELECT [s].[Id], [s].[CreatedAtUtc], [s].[Notes], [s].[ReceiptDate], [s].[SupplierId], [s].[UpdatedAtUtc]
    FROM [StockReceipts] AS [s]
    ORDER BY [s].[ReceiptDate] DESC
    OFFSET @__p_0 ROWS FETCH NEXT @__p_1 ROWS ONLY
) AS [s1]
LEFT JOIN [Suppliers] AS [s0] ON [s1].[SupplierId] = [s0].[Id]
ORDER BY [s1].[ReceiptDate] DESC
2025-07-21 10:04:01.998 +07:00 [INF] (Microsoft.EntityFrameworkCore.Database.Command) Executed DbCommand (3ms) [Parameters=[@__p_0='0', @__p_1='10'], CommandType='"Text"', CommandTimeout='30']
SELECT [c].[Id], [c].[CreatedAtUtc], [c].[Description], [c].[IsDeleted], [c].[Name], [c].[ParentCategoryId], [c].[UpdatedAtUtc]
FROM [Categories] AS [c]
WHERE [c].[IsDeleted] = CAST(0 AS bit)
ORDER BY [c].[Name]
OFFSET @__p_0 ROWS FETCH NEXT @__p_1 ROWS ONLY
2025-07-21 10:04:02.161 +07:00 [WRN] (Bookstore.Infrastructure.Services.GoogleCloudStorageService) DEBUG: GOOGLE_APPLICATION_CREDENTIALS value read: 'D:\imagekey\gcs_service_account_key.json'
2025-07-21 10:04:02.163 +07:00 [WRN] (Bookstore.Infrastructure.Services.GoogleCloudStorageService) DEBUG: Checking if file exists at path: 'true'
2025-07-21 10:04:02.165 +07:00 [WRN] (Bookstore.Infrastructure.Services.GoogleCloudStorageService) DEBUG: Parsed Path as URI successfully: D:\imagekey\gcs_service_account_key.json
2025-07-21 10:04:02.176 +07:00 [WRN] (Bookstore.Infrastructure.Services.GoogleCloudStorageService) DEBUG: Successfully read content from credential file.
2025-07-21 10:04:02.222 +07:00 [INF] (Bookstore.Application.Services.AuthorService) Fetching all authors. Page: 1, PageSize: 10, Search: null
2025-07-21 10:04:02.265 +07:00 [INF] (Microsoft.EntityFrameworkCore.Database.Command) Executed DbCommand (2ms) [Parameters=[@__p_0='0', @__p_1='10'], CommandType='"Text"', CommandTimeout='30']
SELECT [a].[Id], [a].[Biography], [a].[CreatedAtUtc], [a].[Name], [a].[UpdatedAtUtc]
FROM [Authors] AS [a]
ORDER BY [a].[Name]
OFFSET @__p_0 ROWS FETCH NEXT @__p_1 ROWS ONLY
2025-07-21 10:04:02.836 +07:00 [INF] (Bookstore.Infrastructure.Services.GoogleCloudStorageService) Google Cloud Storage client created successfully using Application Default Credentials or Environment Variable.
2025-07-21 10:04:02.996 +07:00 [INF] (Microsoft.EntityFrameworkCore.Database.Command) Executed DbCommand (71ms) [Parameters=[@__p_0='0', @__p_1='15'], CommandType='"Text"', CommandTimeout='30']
SELECT [b0].[Id], [b0].[AuthorId], [b0].[CategoryId], [b0].[CoverImageUrl], [b0].[CreatedAtUtc], [b0].[Description], [b0].[ISBN], [b0].[IsDeleted], [b0].[Price], [b0].[PublicationYear], [b0].[Publisher], [b0].[StockQuantity], [b0].[Title], [b0].[UpdatedAtUtc], [a].[Id], [a].[Biography], [a].[CreatedAtUtc], [a].[Name], [a].[UpdatedAtUtc], [c0].[Id], [c0].[CreatedAtUtc], [c0].[Description], [c0].[IsDeleted], [c0].[Name], [c0].[ParentCategoryId], [c0].[UpdatedAtUtc]
FROM (
    SELECT [b].[Id], [b].[AuthorId], [b].[CategoryId], [b].[CoverImageUrl], [b].[CreatedAtUtc], [b].[Description], [b].[ISBN], [b].[IsDeleted], [b].[Price], [b].[PublicationYear], [b].[Publisher], [b].[StockQuantity], [b].[Title], [b].[UpdatedAtUtc]
    FROM [Books] AS [b]
    WHERE [b].[IsDeleted] = CAST(0 AS bit)
    ORDER BY [b].[CreatedAtUtc] DESC
    OFFSET @__p_0 ROWS FETCH NEXT @__p_1 ROWS ONLY
) AS [b0]
LEFT JOIN [Authors] AS [a] ON [b0].[AuthorId] = [a].[Id]
INNER JOIN (
    SELECT [c].[Id], [c].[CreatedAtUtc], [c].[Description], [c].[IsDeleted], [c].[Name], [c].[ParentCategoryId], [c].[UpdatedAtUtc]
    FROM [Categories] AS [c]
    WHERE [c].[IsDeleted] = CAST(0 AS bit)
) AS [c0] ON [b0].[CategoryId] = [c0].[Id]
ORDER BY [b0].[CreatedAtUtc] DESC
2025-07-21 10:04:02.996 +07:00 [INF] (Microsoft.EntityFrameworkCore.Database.Command) Executed DbCommand (71ms) [Parameters=[@__p_0='0', @__p_1='15'], CommandType='"Text"', CommandTimeout='30']
SELECT [b0].[Id], [b0].[AuthorId], [b0].[CategoryId], [b0].[CoverImageUrl], [b0].[CreatedAtUtc], [b0].[Description], [b0].[ISBN], [b0].[IsDeleted], [b0].[Price], [b0].[PublicationYear], [b0].[Publisher], [b0].[StockQuantity], [b0].[Title], [b0].[UpdatedAtUtc], [a].[Id], [a].[Biography], [a].[CreatedAtUtc], [a].[Name], [a].[UpdatedAtUtc], [c0].[Id], [c0].[CreatedAtUtc], [c0].[Description], [c0].[IsDeleted], [c0].[Name], [c0].[ParentCategoryId], [c0].[UpdatedAtUtc]
FROM (
    SELECT [b].[Id], [b].[AuthorId], [b].[CategoryId], [b].[CoverImageUrl], [b].[CreatedAtUtc], [b].[Description], [b].[ISBN], [b].[IsDeleted], [b].[Price], [b].[PublicationYear], [b].[Publisher], [b].[StockQuantity], [b].[Title], [b].[UpdatedAtUtc]
    FROM [Books] AS [b]
    WHERE [b].[IsDeleted] = CAST(0 AS bit)
    ORDER BY [b].[CreatedAtUtc] DESC
    OFFSET @__p_0 ROWS FETCH NEXT @__p_1 ROWS ONLY
) AS [b0]
LEFT JOIN [Authors] AS [a] ON [b0].[AuthorId] = [a].[Id]
INNER JOIN (
    SELECT [c].[Id], [c].[CreatedAtUtc], [c].[Description], [c].[IsDeleted], [c].[Name], [c].[ParentCategoryId], [c].[UpdatedAtUtc]
    FROM [Categories] AS [c]
    WHERE [c].[IsDeleted] = CAST(0 AS bit)
) AS [c0] ON [b0].[CategoryId] = [c0].[Id]
ORDER BY [b0].[CreatedAtUtc] DESC
2025-07-21 10:04:03.000 +07:00 [INF] (Microsoft.EntityFrameworkCore.Database.Command) Executed DbCommand (1ms) [Parameters=[@__p_0='0', @__p_1='15'], CommandType='"Text"', CommandTimeout='30']
SELECT [b0].[Id], [b0].[AuthorId], [b0].[CategoryId], [b0].[CoverImageUrl], [b0].[CreatedAtUtc], [b0].[Description], [b0].[ISBN], [b0].[IsDeleted], [b0].[Price], [b0].[PublicationYear], [b0].[Publisher], [b0].[StockQuantity], [b0].[Title], [b0].[UpdatedAtUtc], [a].[Id], [a].[Biography], [a].[CreatedAtUtc], [a].[Name], [a].[UpdatedAtUtc], [c0].[Id], [c0].[CreatedAtUtc], [c0].[Description], [c0].[IsDeleted], [c0].[Name], [c0].[ParentCategoryId], [c0].[UpdatedAtUtc]
FROM (
    SELECT [b].[Id], [b].[AuthorId], [b].[CategoryId], [b].[CoverImageUrl], [b].[CreatedAtUtc], [b].[Description], [b].[ISBN], [b].[IsDeleted], [b].[Price], [b].[PublicationYear], [b].[Publisher], [b].[StockQuantity], [b].[Title], [b].[UpdatedAtUtc]
    FROM [Books] AS [b]
    WHERE [b].[IsDeleted] = CAST(0 AS bit)
    ORDER BY [b].[CreatedAtUtc] DESC
    OFFSET @__p_0 ROWS FETCH NEXT @__p_1 ROWS ONLY
) AS [b0]
LEFT JOIN [Authors] AS [a] ON [b0].[AuthorId] = [a].[Id]
INNER JOIN (
    SELECT [c].[Id], [c].[CreatedAtUtc], [c].[Description], [c].[IsDeleted], [c].[Name], [c].[ParentCategoryId], [c].[UpdatedAtUtc]
    FROM [Categories] AS [c]
    WHERE [c].[IsDeleted] = CAST(0 AS bit)
) AS [c0] ON [b0].[CategoryId] = [c0].[Id]
ORDER BY [b0].[CreatedAtUtc] DESC
2025-07-21 10:04:03.004 +07:00 [INF] (Microsoft.EntityFrameworkCore.Database.Command) Executed DbCommand (1ms) [Parameters=[@__p_0='0', @__p_1='15'], CommandType='"Text"', CommandTimeout='30']
SELECT [b0].[Id], [b0].[AuthorId], [b0].[CategoryId], [b0].[CoverImageUrl], [b0].[CreatedAtUtc], [b0].[Description], [b0].[ISBN], [b0].[IsDeleted], [b0].[Price], [b0].[PublicationYear], [b0].[Publisher], [b0].[StockQuantity], [b0].[Title], [b0].[UpdatedAtUtc], [a].[Id], [a].[Biography], [a].[CreatedAtUtc], [a].[Name], [a].[UpdatedAtUtc], [c0].[Id], [c0].[CreatedAtUtc], [c0].[Description], [c0].[IsDeleted], [c0].[Name], [c0].[ParentCategoryId], [c0].[UpdatedAtUtc]
FROM (
    SELECT [b].[Id], [b].[AuthorId], [b].[CategoryId], [b].[CoverImageUrl], [b].[CreatedAtUtc], [b].[Description], [b].[ISBN], [b].[IsDeleted], [b].[Price], [b].[PublicationYear], [b].[Publisher], [b].[StockQuantity], [b].[Title], [b].[UpdatedAtUtc]
    FROM [Books] AS [b]
    WHERE [b].[IsDeleted] = CAST(0 AS bit)
    ORDER BY [b].[CreatedAtUtc] DESC
    OFFSET @__p_0 ROWS FETCH NEXT @__p_1 ROWS ONLY
) AS [b0]
LEFT JOIN [Authors] AS [a] ON [b0].[AuthorId] = [a].[Id]
INNER JOIN (
    SELECT [c].[Id], [c].[CreatedAtUtc], [c].[Description], [c].[IsDeleted], [c].[Name], [c].[ParentCategoryId], [c].[UpdatedAtUtc]
    FROM [Categories] AS [c]
    WHERE [c].[IsDeleted] = CAST(0 AS bit)
) AS [c0] ON [b0].[CategoryId] = [c0].[Id]
ORDER BY [b0].[CreatedAtUtc] DESC
2025-07-21 10:04:05.799 +07:00 [INF] (Microsoft.EntityFrameworkCore.Database.Command) Executed DbCommand (7ms) [Parameters=[@__p_0='0', @__p_1='15'], CommandType='"Text"', CommandTimeout='30']
SELECT [u1].[Id], [u1].[CreatedAtUtc], [u1].[Email], [u1].[FirstName], [u1].[IsActive], [u1].[LastName], [u1].[PasswordHash], [u1].[PhoneNumber], [u1].[UpdatedAtUtc], [u1].[UserName], [s].[UserId], [s].[RoleId], [s].[Id], [s].[CreatedAtUtc], [s].[Name], [s].[UpdatedAtUtc]
FROM (
    SELECT [u].[Id], [u].[CreatedAtUtc], [u].[Email], [u].[FirstName], [u].[IsActive], [u].[LastName], [u].[PasswordHash], [u].[PhoneNumber], [u].[UpdatedAtUtc], [u].[UserName]
    FROM [Users] AS [u]
    ORDER BY [u].[UserName]
    OFFSET @__p_0 ROWS FETCH NEXT @__p_1 ROWS ONLY
) AS [u1]
LEFT JOIN (
    SELECT [u0].[UserId], [u0].[RoleId], [r].[Id], [r].[CreatedAtUtc], [r].[Name], [r].[UpdatedAtUtc]
    FROM [UserRoles] AS [u0]
    INNER JOIN [Roles] AS [r] ON [u0].[RoleId] = [r].[Id]
) AS [s] ON [u1].[Id] = [s].[UserId]
ORDER BY [u1].[UserName], [u1].[Id], [s].[UserId], [s].[RoleId]
2025-07-21 10:04:05.811 +07:00 [INF] (Microsoft.EntityFrameworkCore.Database.Command) Executed DbCommand (2ms) [Parameters=[], CommandType='"Text"', CommandTimeout='30']
SELECT COUNT(*)
FROM [Users] AS [u]
2025-07-21 10:04:05.965 +07:00 [INF] (Microsoft.EntityFrameworkCore.Database.Command) Executed DbCommand (5ms) [Parameters=[@__p_0='0', @__p_1='15'], CommandType='"Text"', CommandTimeout='30']
SELECT [u1].[Id], [u1].[CreatedAtUtc], [u1].[Email], [u1].[FirstName], [u1].[IsActive], [u1].[LastName], [u1].[PasswordHash], [u1].[PhoneNumber], [u1].[UpdatedAtUtc], [u1].[UserName], [s].[UserId], [s].[RoleId], [s].[Id], [s].[CreatedAtUtc], [s].[Name], [s].[UpdatedAtUtc]
FROM (
    SELECT [u].[Id], [u].[CreatedAtUtc], [u].[Email], [u].[FirstName], [u].[IsActive], [u].[LastName], [u].[PasswordHash], [u].[PhoneNumber], [u].[UpdatedAtUtc], [u].[UserName]
    FROM [Users] AS [u]
    ORDER BY [u].[UserName]
    OFFSET @__p_0 ROWS FETCH NEXT @__p_1 ROWS ONLY
) AS [u1]
LEFT JOIN (
    SELECT [u0].[UserId], [u0].[RoleId], [r].[Id], [r].[CreatedAtUtc], [r].[Name], [r].[UpdatedAtUtc]
    FROM [UserRoles] AS [u0]
    INNER JOIN [Roles] AS [r] ON [u0].[RoleId] = [r].[Id]
) AS [s] ON [u1].[Id] = [s].[UserId]
ORDER BY [u1].[UserName], [u1].[Id], [s].[UserId], [s].[RoleId]
2025-07-21 10:04:05.970 +07:00 [INF] (Microsoft.EntityFrameworkCore.Database.Command) Executed DbCommand (1ms) [Parameters=[], CommandType='"Text"', CommandTimeout='30']
SELECT COUNT(*)
FROM [Users] AS [u]
2025-07-21 10:04:07.068 +07:00 [INF] (Microsoft.EntityFrameworkCore.Database.Command) Executed DbCommand (3ms) [Parameters=[], CommandType='"Text"', CommandTimeout='30']
SELECT [p].[Id], [p].[Code], [p].[CreatedAtUtc], [p].[CurrentUsage], [p].[Description], [p].[DiscountAmount], [p].[DiscountPercentage], [p].[EndDate], [p].[IsActive], [p].[MaxUsage], [p].[StartDate], [p].[UpdatedAtUtc]
FROM [Promotions] AS [p]
ORDER BY [p].[CreatedAtUtc] DESC
2025-07-21 10:04:08.150 +07:00 [INF] (Bookstore.Application.Services.ReportService) Generating revenue report from "2025-07-15T00:00:00.0000000" to "2025-07-21T00:00:00.0000000"
2025-07-21 10:04:08.164 +07:00 [INF] (Bookstore.Application.Services.ReportService) Generating bestsellers report from "2025-07-15T00:00:00.0000000" to "2025-07-21T00:00:00.0000000", top 7
2025-07-21 10:04:08.164 +07:00 [INF] (Bookstore.Application.Services.ReportService) Generating low stock report with threshold 5
2025-07-21 10:04:08.166 +07:00 [INF] (Microsoft.EntityFrameworkCore.Database.Command) Executed DbCommand (5ms) [Parameters=[@__inclusiveStartDate_0='2025-07-15T00:00:00.0000000', @__inclusiveEndDate_1='2025-07-22T00:00:00.0000000'], CommandType='"Text"', CommandTimeout='30']
SELECT [o].[Id], [o].[CreatedAtUtc], [o].[DeliveryMethod], [o].[InvoiceNumber], [o].[OrderDate], [o].[OrderShippingAddressId], [o].[OrderType], [o].[PaymentMethod], [o].[PaymentStatus], [o].[Status], [o].[TotalAmount], [o].[TransactionId], [o].[UpdatedAtUtc], [o].[UserId]
FROM [Orders] AS [o]
WHERE [o].[Status] = CAST(3 AS tinyint) AND [o].[OrderDate] >= @__inclusiveStartDate_0 AND [o].[OrderDate] < @__inclusiveEndDate_1
2025-07-21 10:04:08.178 +07:00 [INF] (Microsoft.EntityFrameworkCore.Database.Command) Executed DbCommand (11ms) [Parameters=[@__p_2='7', @__inclusiveStartDate_0='2025-07-15T00:00:00.0000000', @__inclusiveEndDate_1='2025-07-22T00:00:00.0000000'], CommandType='"Text"', CommandTimeout='30']
SELECT [s].[BookId], [b2].[Title] AS [BookTitle], [s].[TotalQuantitySold]
FROM (
    SELECT TOP(@__p_2) [o].[BookId], COALESCE(SUM([o].[Quantity]), 0) AS [TotalQuantitySold]
    FROM [OrderDetails] AS [o]
    INNER JOIN [Orders] AS [o0] ON [o].[OrderId] = [o0].[Id]
    INNER JOIN (
        SELECT [b].[Id], [b].[IsDeleted]
        FROM [Books] AS [b]
        WHERE [b].[IsDeleted] = CAST(0 AS bit)
    ) AS [b0] ON [o].[BookId] = [b0].[Id]
    WHERE [o0].[Status] = CAST(3 AS tinyint) AND [o0].[OrderDate] >= @__inclusiveStartDate_0 AND [o0].[OrderDate] < @__inclusiveEndDate_1 AND [b0].[IsDeleted] = CAST(0 AS bit)
    GROUP BY [o].[BookId]
    ORDER BY COALESCE(SUM([o].[Quantity]), 0) DESC
) AS [s]
INNER JOIN (
    SELECT [b1].[Id], [b1].[Title]
    FROM [Books] AS [b1]
    WHERE [b1].[IsDeleted] = CAST(0 AS bit)
) AS [b2] ON [s].[BookId] = [b2].[Id]
ORDER BY [s].[TotalQuantitySold] DESC
2025-07-21 10:04:08.181 +07:00 [INF] (Bookstore.Application.Services.ReportService) Revenue report generated successfully.
2025-07-21 10:04:08.182 +07:00 [INF] (Microsoft.EntityFrameworkCore.Database.Command) Executed DbCommand (4ms) [Parameters=[@__lowStockThreshold_0='5'], CommandType='"Text"', CommandTimeout='30']
SELECT [b].[Id], [b].[AuthorId], [b].[CategoryId], [b].[CoverImageUrl], [b].[CreatedAtUtc], [b].[Description], [b].[ISBN], [b].[IsDeleted], [b].[Price], [b].[PublicationYear], [b].[Publisher], [b].[StockQuantity], [b].[Title], [b].[UpdatedAtUtc], [a].[Id], [a].[Biography], [a].[CreatedAtUtc], [a].[Name], [a].[UpdatedAtUtc]
FROM [Books] AS [b]
LEFT JOIN [Authors] AS [a] ON [b].[AuthorId] = [a].[Id]
WHERE [b].[IsDeleted] = CAST(0 AS bit) AND [b].[StockQuantity] > 0 AND [b].[StockQuantity] <= @__lowStockThreshold_0
ORDER BY [b].[StockQuantity]
2025-07-21 10:04:08.196 +07:00 [INF] (Bookstore.Application.Services.ReportService) Bestsellers report generated successfully.
2025-07-21 10:04:14.103 +07:00 [INF] (Bookstore.Application.Services.ReportService) Generating revenue report from "2025-06-01T00:00:00.0000000" to "2025-07-21T00:00:00.0000000"
2025-07-21 10:04:14.107 +07:00 [INF] (Bookstore.Application.Services.ReportService) Generating bestsellers report from "2025-06-01T00:00:00.0000000" to "2025-07-21T00:00:00.0000000", top 7
2025-07-21 10:04:14.110 +07:00 [INF] (Microsoft.EntityFrameworkCore.Database.Command) Executed DbCommand (4ms) [Parameters=[@__inclusiveStartDate_0='2025-06-01T00:00:00.0000000', @__inclusiveEndDate_1='2025-07-22T00:00:00.0000000'], CommandType='"Text"', CommandTimeout='30']
SELECT [o].[Id], [o].[CreatedAtUtc], [o].[DeliveryMethod], [o].[InvoiceNumber], [o].[OrderDate], [o].[OrderShippingAddressId], [o].[OrderType], [o].[PaymentMethod], [o].[PaymentStatus], [o].[Status], [o].[TotalAmount], [o].[TransactionId], [o].[UpdatedAtUtc], [o].[UserId]
FROM [Orders] AS [o]
WHERE [o].[Status] = CAST(3 AS tinyint) AND [o].[OrderDate] >= @__inclusiveStartDate_0 AND [o].[OrderDate] < @__inclusiveEndDate_1
2025-07-21 10:04:14.110 +07:00 [INF] (Bookstore.Application.Services.ReportService) Generating low stock report with threshold 5
2025-07-21 10:04:14.118 +07:00 [INF] (Microsoft.EntityFrameworkCore.Database.Command) Executed DbCommand (9ms) [Parameters=[@__p_2='7', @__inclusiveStartDate_0='2025-06-01T00:00:00.0000000', @__inclusiveEndDate_1='2025-07-22T00:00:00.0000000'], CommandType='"Text"', CommandTimeout='30']
SELECT [s].[BookId], [b2].[Title] AS [BookTitle], [s].[TotalQuantitySold]
FROM (
    SELECT TOP(@__p_2) [o].[BookId], COALESCE(SUM([o].[Quantity]), 0) AS [TotalQuantitySold]
    FROM [OrderDetails] AS [o]
    INNER JOIN [Orders] AS [o0] ON [o].[OrderId] = [o0].[Id]
    INNER JOIN (
        SELECT [b].[Id], [b].[IsDeleted]
        FROM [Books] AS [b]
        WHERE [b].[IsDeleted] = CAST(0 AS bit)
    ) AS [b0] ON [o].[BookId] = [b0].[Id]
    WHERE [o0].[Status] = CAST(3 AS tinyint) AND [o0].[OrderDate] >= @__inclusiveStartDate_0 AND [o0].[OrderDate] < @__inclusiveEndDate_1 AND [b0].[IsDeleted] = CAST(0 AS bit)
    GROUP BY [o].[BookId]
    ORDER BY COALESCE(SUM([o].[Quantity]), 0) DESC
) AS [s]
INNER JOIN (
    SELECT [b1].[Id], [b1].[Title]
    FROM [Books] AS [b1]
    WHERE [b1].[IsDeleted] = CAST(0 AS bit)
) AS [b2] ON [s].[BookId] = [b2].[Id]
ORDER BY [s].[TotalQuantitySold] DESC
2025-07-21 10:04:14.119 +07:00 [INF] (Microsoft.EntityFrameworkCore.Database.Command) Executed DbCommand (4ms) [Parameters=[@__lowStockThreshold_0='5'], CommandType='"Text"', CommandTimeout='30']
SELECT [b].[Id], [b].[AuthorId], [b].[CategoryId], [b].[CoverImageUrl], [b].[CreatedAtUtc], [b].[Description], [b].[ISBN], [b].[IsDeleted], [b].[Price], [b].[PublicationYear], [b].[Publisher], [b].[StockQuantity], [b].[Title], [b].[UpdatedAtUtc], [a].[Id], [a].[Biography], [a].[CreatedAtUtc], [a].[Name], [a].[UpdatedAtUtc]
FROM [Books] AS [b]
LEFT JOIN [Authors] AS [a] ON [b].[AuthorId] = [a].[Id]
WHERE [b].[IsDeleted] = CAST(0 AS bit) AND [b].[StockQuantity] > 0 AND [b].[StockQuantity] <= @__lowStockThreshold_0
ORDER BY [b].[StockQuantity]
2025-07-21 10:04:14.120 +07:00 [INF] (Bookstore.Application.Services.ReportService) Revenue report generated successfully.
2025-07-21 10:04:14.123 +07:00 [INF] (Bookstore.Application.Services.ReportService) Bestsellers report generated successfully.
