2025-06-25 07:07:24.667 +07:00 [WRN] (Microsoft.AspNetCore.StaticFiles.StaticFileMiddleware) The WebRootPath was not found: C:\Users\Nguyn\Desktop\Đồ án tốt nghiệp\BookStoreManagement\src\Bookstore.Api\wwwroot. Static files may be unavailable.
2025-06-25 07:07:24.884 +07:00 [INF] (Microsoft.Hosting.Lifetime) Now listening on: https://localhost:7264
2025-06-25 07:07:24.886 +07:00 [INF] (Microsoft.Hosting.Lifetime) Now listening on: http://localhost:5244
2025-06-25 07:07:24.995 +07:00 [INF] (Microsoft.Hosting.Lifetime) Application started. Press Ctrl+C to shut down.
2025-06-25 07:07:24.996 +07:00 [INF] (Microsoft.Hosting.Lifetime) Hosting environment: Development
2025-06-25 07:07:24.997 +07:00 [INF] (Microsoft.Hosting.Lifetime) Content root path: C:\Users\Nguyn\Desktop\Đồ án tốt nghiệp\BookStoreManagement\src\Bookstore.Api
2025-06-25 07:09:30.984 +07:00 [INF] (Bookstore.Application.Services.DashboardService) Fetching home dashboard data.
2025-06-25 07:09:32.033 +07:00 [WRN] (Microsoft.EntityFrameworkCore.Model) No instantiatable types implementing `IEntityTypeConfiguration` were found while while scanning assembly 'Bookstore.Infrastructure, Version=1.0.0.0, Culture=neutral, PublicKeyToken=null'.
2025-06-25 07:09:32.145 +07:00 [WRN] (Microsoft.EntityFrameworkCore.Model.Validation) Entity 'Book' has a global query filter defined and is the required end of a relationship with the entity 'CartItem'. This may lead to unexpected results when the required entity is filtered out. Either configure the navigation as optional, or define matching query filters for both entities in the navigation. See https://go.microsoft.com/fwlink/?linkid=2131316 for more information.
2025-06-25 07:09:32.147 +07:00 [WRN] (Microsoft.EntityFrameworkCore.Model.Validation) Entity 'Book' has a global query filter defined and is the required end of a relationship with the entity 'InventoryLog'. This may lead to unexpected results when the required entity is filtered out. Either configure the navigation as optional, or define matching query filters for both entities in the navigation. See https://go.microsoft.com/fwlink/?linkid=2131316 for more information.
2025-06-25 07:09:32.149 +07:00 [WRN] (Microsoft.EntityFrameworkCore.Model.Validation) Entity 'Book' has a global query filter defined and is the required end of a relationship with the entity 'OrderDetail'. This may lead to unexpected results when the required entity is filtered out. Either configure the navigation as optional, or define matching query filters for both entities in the navigation. See https://go.microsoft.com/fwlink/?linkid=2131316 for more information.
2025-06-25 07:09:32.150 +07:00 [WRN] (Microsoft.EntityFrameworkCore.Model.Validation) Entity 'Book' has a global query filter defined and is the required end of a relationship with the entity 'Reviews'. This may lead to unexpected results when the required entity is filtered out. Either configure the navigation as optional, or define matching query filters for both entities in the navigation. See https://go.microsoft.com/fwlink/?linkid=2131316 for more information.
2025-06-25 07:09:32.152 +07:00 [WRN] (Microsoft.EntityFrameworkCore.Model.Validation) Entity 'Book' has a global query filter defined and is the required end of a relationship with the entity 'StockReceiptDetail'. This may lead to unexpected results when the required entity is filtered out. Either configure the navigation as optional, or define matching query filters for both entities in the navigation. See https://go.microsoft.com/fwlink/?linkid=2131316 for more information.
2025-06-25 07:09:32.154 +07:00 [WRN] (Microsoft.EntityFrameworkCore.Model.Validation) Entity 'Book' has a global query filter defined and is the required end of a relationship with the entity 'WishlistItem'. This may lead to unexpected results when the required entity is filtered out. Either configure the navigation as optional, or define matching query filters for both entities in the navigation. See https://go.microsoft.com/fwlink/?linkid=2131316 for more information.
2025-06-25 07:09:32.163 +07:00 [WRN] (Microsoft.EntityFrameworkCore.Model.Validation) Sensitive data logging is enabled. Log entries and exception messages may include sensitive application data; this mode should only be enabled during development.
2025-06-25 07:09:33.285 +07:00 [INF] (Microsoft.EntityFrameworkCore.Database.Command) Executed DbCommand (55ms) [Parameters=[], CommandType='"Text"', CommandTimeout='30']
SELECT [b].[Id], [b].[AuthorId], [b].[CategoryId], [b].[CoverImageUrl], [b].[CreatedAtUtc], [b].[Description], [b].[ISBN], [b].[IsDeleted], [b].[Price], [b].[PublicationYear], [b].[Publisher], [b].[StockQuantity], [b].[Title], [b].[UpdatedAtUtc], [a].[Id], [a].[Biography], [a].[CreatedAtUtc], [a].[Name], [a].[UpdatedAtUtc]
FROM [Books] AS [b]
LEFT JOIN [Authors] AS [a] ON [b].[AuthorId] = [a].[Id]
WHERE [b].[IsDeleted] = CAST(0 AS bit)
ORDER BY [b].[CreatedAtUtc] DESC
2025-06-25 07:09:33.336 +07:00 [INF] (Bookstore.Application.Services.DashboardService) Fetched 8 newest books.
2025-06-25 07:09:33.466 +07:00 [INF] (Microsoft.EntityFrameworkCore.Database.Command) Executed DbCommand (31ms) [Parameters=[@__p_2='5', @__inclusiveStartDate_0='2025-05-26T00:00:00.0000000Z', @__inclusiveEndDate_1='2025-06-26T00:00:00.0000000Z'], CommandType='"Text"', CommandTimeout='30']
SELECT [s].[BookId], [b2].[Title] AS [BookTitle], [s].[TotalQuantitySold]
FROM (
    SELECT TOP(@__p_2) [o].[BookId], COALESCE(SUM([o].[Quantity]), 0) AS [TotalQuantitySold]
    FROM [OrderDetails] AS [o]
    INNER JOIN [Orders] AS [o0] ON [o].[OrderId] = [o0].[Id]
    INNER JOIN (
        SELECT [b].[Id], [b].[IsDeleted]
        FROM [Books] AS [b]
        WHERE [b].[IsDeleted] = CAST(0 AS bit)
    ) AS [b0] ON [o].[BookId] = [b0].[Id]
    WHERE [o0].[Status] = CAST(3 AS tinyint) AND [o0].[OrderDate] >= @__inclusiveStartDate_0 AND [o0].[OrderDate] < @__inclusiveEndDate_1 AND [b0].[IsDeleted] = CAST(0 AS bit)
    GROUP BY [o].[BookId]
    ORDER BY COALESCE(SUM([o].[Quantity]), 0) DESC
) AS [s]
INNER JOIN (
    SELECT [b1].[Id], [b1].[Title]
    FROM [Books] AS [b1]
    WHERE [b1].[IsDeleted] = CAST(0 AS bit)
) AS [b2] ON [s].[BookId] = [b2].[Id]
ORDER BY [s].[TotalQuantitySold] DESC
2025-06-25 07:09:33.535 +07:00 [INF] (Microsoft.EntityFrameworkCore.Database.Command) Executed DbCommand (7ms) [Parameters=[@__bestsellerBookIds_0='["f233a54e-3ee6-4916-aa37-12f3d1507322","5b413a44-ec6d-401a-b4a7-42597d8f8458","72394bf9-fb99-4dde-aff2-5bd54abf48c0","f512f55b-4833-4137-94e3-aa728257cc22","15135304-a1c9-4e1c-b43b-5380bf47442d"]' (Size = 4000)], CommandType='"Text"', CommandTimeout='30']
SELECT [b].[Id], [b].[AuthorId], [b].[CategoryId], [b].[CoverImageUrl], [b].[CreatedAtUtc], [b].[Description], [b].[ISBN], [b].[IsDeleted], [b].[Price], [b].[PublicationYear], [b].[Publisher], [b].[StockQuantity], [b].[Title], [b].[UpdatedAtUtc], [a].[Id], [a].[Biography], [a].[CreatedAtUtc], [a].[Name], [a].[UpdatedAtUtc]
FROM [Books] AS [b]
LEFT JOIN [Authors] AS [a] ON [b].[AuthorId] = [a].[Id]
WHERE [b].[IsDeleted] = CAST(0 AS bit) AND [b].[Id] IN (
    SELECT [b0].[value]
    FROM OPENJSON(@__bestsellerBookIds_0) WITH ([value] uniqueidentifier '$') AS [b0]
) AND [b].[IsDeleted] = CAST(0 AS bit)
2025-06-25 07:09:33.545 +07:00 [INF] (Bookstore.Application.Services.DashboardService) Fetched 5 bestselling books.
2025-06-25 07:09:33.564 +07:00 [INF] (Microsoft.EntityFrameworkCore.Database.Command) Executed DbCommand (4ms) [Parameters=[@__currentDate_0='2025-06-25T00:09:33.5478284Z', @__currentDate_1='2025-06-25T00:09:33.5478284Z' (Nullable = true)], CommandType='"Text"', CommandTimeout='30']
SELECT [p].[Id], [p].[Code], [p].[CreatedAtUtc], [p].[CurrentUsage], [p].[Description], [p].[DiscountAmount], [p].[DiscountPercentage], [p].[EndDate], [p].[IsActive], [p].[MaxUsage], [p].[StartDate], [p].[UpdatedAtUtc]
FROM [Promotions] AS [p]
WHERE [p].[IsActive] = CAST(1 AS bit) AND [p].[StartDate] <= @__currentDate_0 AND ([p].[EndDate] IS NULL OR [p].[EndDate] >= @__currentDate_1) AND ([p].[MaxUsage] IS NULL OR [p].[CurrentUsage] < [p].[MaxUsage])
ORDER BY [p].[EndDate]
2025-06-25 07:09:33.590 +07:00 [INF] (Microsoft.EntityFrameworkCore.Database.Command) Executed DbCommand (4ms) [Parameters=[], CommandType='"Text"', CommandTimeout='30']
SELECT [c].[Id], [c].[CreatedAtUtc], [c].[Description], [c].[IsDeleted], [c].[Name], [c].[ParentCategoryId], [c].[UpdatedAtUtc]
FROM [Categories] AS [c]
WHERE [c].[IsDeleted] = CAST(0 AS bit) AND [c].[ParentCategoryId] IS NULL AND [c].[IsDeleted] = CAST(0 AS bit)
ORDER BY [c].[Name]
2025-06-25 07:09:33.596 +07:00 [INF] (Bookstore.Application.Services.DashboardService) Successfully fetched home dashboard data.
2025-06-25 07:10:05.835 +07:00 [INF] (Microsoft.EntityFrameworkCore.Database.Command) Executed DbCommand (8ms) [Parameters=[@__email_0='adminuser' (Size = 450)], CommandType='"Text"', CommandTimeout='30']
SELECT [u1].[Id], [u1].[CreatedAtUtc], [u1].[Email], [u1].[FirstName], [u1].[IsActive], [u1].[LastName], [u1].[PasswordHash], [u1].[PhoneNumber], [u1].[UpdatedAtUtc], [u1].[UserName], [s].[UserId], [s].[RoleId], [s].[Id], [s].[CreatedAtUtc], [s].[Name], [s].[UpdatedAtUtc]
FROM (
    SELECT TOP(1) [u].[Id], [u].[CreatedAtUtc], [u].[Email], [u].[FirstName], [u].[IsActive], [u].[LastName], [u].[PasswordHash], [u].[PhoneNumber], [u].[UpdatedAtUtc], [u].[UserName]
    FROM [Users] AS [u]
    WHERE [u].[Email] = @__email_0
) AS [u1]
LEFT JOIN (
    SELECT [u0].[UserId], [u0].[RoleId], [r].[Id], [r].[CreatedAtUtc], [r].[Name], [r].[UpdatedAtUtc]
    FROM [UserRoles] AS [u0]
    INNER JOIN [Roles] AS [r] ON [u0].[RoleId] = [r].[Id]
) AS [s] ON [u1].[Id] = [s].[UserId]
ORDER BY [u1].[Id], [s].[UserId], [s].[RoleId]
2025-06-25 07:10:05.878 +07:00 [INF] (Microsoft.EntityFrameworkCore.Database.Command) Executed DbCommand (7ms) [Parameters=[@__username_0='adminuser' (Size = 450)], CommandType='"Text"', CommandTimeout='30']
SELECT [u1].[Id], [u1].[CreatedAtUtc], [u1].[Email], [u1].[FirstName], [u1].[IsActive], [u1].[LastName], [u1].[PasswordHash], [u1].[PhoneNumber], [u1].[UpdatedAtUtc], [u1].[UserName], [s].[UserId], [s].[RoleId], [s].[Id], [s].[CreatedAtUtc], [s].[Name], [s].[UpdatedAtUtc]
FROM (
    SELECT TOP(1) [u].[Id], [u].[CreatedAtUtc], [u].[Email], [u].[FirstName], [u].[IsActive], [u].[LastName], [u].[PasswordHash], [u].[PhoneNumber], [u].[UpdatedAtUtc], [u].[UserName]
    FROM [Users] AS [u]
    WHERE [u].[UserName] = @__username_0
) AS [u1]
LEFT JOIN (
    SELECT [u0].[UserId], [u0].[RoleId], [r].[Id], [r].[CreatedAtUtc], [r].[Name], [r].[UpdatedAtUtc]
    FROM [UserRoles] AS [u0]
    INNER JOIN [Roles] AS [r] ON [u0].[RoleId] = [r].[Id]
) AS [s] ON [u1].[Id] = [s].[UserId]
ORDER BY [u1].[Id], [s].[UserId], [s].[RoleId]
2025-06-25 07:10:06.215 +07:00 [INF] (Microsoft.EntityFrameworkCore.Database.Command) Executed DbCommand (3ms) [Parameters=[@__userId_0='f54527eb-f806-40db-bf76-c7b0e5fa6d39'], CommandType='"Text"', CommandTimeout='30']
SELECT [r].[Name]
FROM [UserRoles] AS [u]
INNER JOIN [Roles] AS [r] ON [u].[RoleId] = [r].[Id]
WHERE [u].[UserId] = @__userId_0
2025-06-25 07:10:08.152 +07:00 [INF] (Bookstore.Application.Services.DashboardService) Fetching home dashboard data.
2025-06-25 07:10:08.167 +07:00 [INF] (Microsoft.EntityFrameworkCore.Database.Command) Executed DbCommand (1ms) [Parameters=[], CommandType='"Text"', CommandTimeout='30']
SELECT [b].[Id], [b].[AuthorId], [b].[CategoryId], [b].[CoverImageUrl], [b].[CreatedAtUtc], [b].[Description], [b].[ISBN], [b].[IsDeleted], [b].[Price], [b].[PublicationYear], [b].[Publisher], [b].[StockQuantity], [b].[Title], [b].[UpdatedAtUtc], [a].[Id], [a].[Biography], [a].[CreatedAtUtc], [a].[Name], [a].[UpdatedAtUtc]
FROM [Books] AS [b]
LEFT JOIN [Authors] AS [a] ON [b].[AuthorId] = [a].[Id]
WHERE [b].[IsDeleted] = CAST(0 AS bit)
ORDER BY [b].[CreatedAtUtc] DESC
2025-06-25 07:10:08.170 +07:00 [INF] (Bookstore.Application.Services.DashboardService) Fetched 8 newest books.
2025-06-25 07:10:08.177 +07:00 [INF] (Microsoft.EntityFrameworkCore.Database.Command) Executed DbCommand (3ms) [Parameters=[@__p_2='5', @__inclusiveStartDate_0='2025-05-26T00:00:00.0000000Z', @__inclusiveEndDate_1='2025-06-26T00:00:00.0000000Z'], CommandType='"Text"', CommandTimeout='30']
SELECT [s].[BookId], [b2].[Title] AS [BookTitle], [s].[TotalQuantitySold]
FROM (
    SELECT TOP(@__p_2) [o].[BookId], COALESCE(SUM([o].[Quantity]), 0) AS [TotalQuantitySold]
    FROM [OrderDetails] AS [o]
    INNER JOIN [Orders] AS [o0] ON [o].[OrderId] = [o0].[Id]
    INNER JOIN (
        SELECT [b].[Id], [b].[IsDeleted]
        FROM [Books] AS [b]
        WHERE [b].[IsDeleted] = CAST(0 AS bit)
    ) AS [b0] ON [o].[BookId] = [b0].[Id]
    WHERE [o0].[Status] = CAST(3 AS tinyint) AND [o0].[OrderDate] >= @__inclusiveStartDate_0 AND [o0].[OrderDate] < @__inclusiveEndDate_1 AND [b0].[IsDeleted] = CAST(0 AS bit)
    GROUP BY [o].[BookId]
    ORDER BY COALESCE(SUM([o].[Quantity]), 0) DESC
) AS [s]
INNER JOIN (
    SELECT [b1].[Id], [b1].[Title]
    FROM [Books] AS [b1]
    WHERE [b1].[IsDeleted] = CAST(0 AS bit)
) AS [b2] ON [s].[BookId] = [b2].[Id]
ORDER BY [s].[TotalQuantitySold] DESC
2025-06-25 07:10:08.182 +07:00 [INF] (Microsoft.EntityFrameworkCore.Database.Command) Executed DbCommand (1ms) [Parameters=[@__bestsellerBookIds_0='["f233a54e-3ee6-4916-aa37-12f3d1507322","5b413a44-ec6d-401a-b4a7-42597d8f8458","72394bf9-fb99-4dde-aff2-5bd54abf48c0","f512f55b-4833-4137-94e3-aa728257cc22","15135304-a1c9-4e1c-b43b-5380bf47442d"]' (Size = 4000)], CommandType='"Text"', CommandTimeout='30']
SELECT [b].[Id], [b].[AuthorId], [b].[CategoryId], [b].[CoverImageUrl], [b].[CreatedAtUtc], [b].[Description], [b].[ISBN], [b].[IsDeleted], [b].[Price], [b].[PublicationYear], [b].[Publisher], [b].[StockQuantity], [b].[Title], [b].[UpdatedAtUtc], [a].[Id], [a].[Biography], [a].[CreatedAtUtc], [a].[Name], [a].[UpdatedAtUtc]
FROM [Books] AS [b]
LEFT JOIN [Authors] AS [a] ON [b].[AuthorId] = [a].[Id]
WHERE [b].[IsDeleted] = CAST(0 AS bit) AND [b].[Id] IN (
    SELECT [b0].[value]
    FROM OPENJSON(@__bestsellerBookIds_0) WITH ([value] uniqueidentifier '$') AS [b0]
) AND [b].[IsDeleted] = CAST(0 AS bit)
2025-06-25 07:10:08.186 +07:00 [INF] (Bookstore.Application.Services.DashboardService) Fetched 5 bestselling books.
2025-06-25 07:10:08.189 +07:00 [INF] (Microsoft.EntityFrameworkCore.Database.Command) Executed DbCommand (1ms) [Parameters=[@__currentDate_0='2025-06-25T00:10:08.1878938Z', @__currentDate_1='2025-06-25T00:10:08.1878938Z' (Nullable = true)], CommandType='"Text"', CommandTimeout='30']
SELECT [p].[Id], [p].[Code], [p].[CreatedAtUtc], [p].[CurrentUsage], [p].[Description], [p].[DiscountAmount], [p].[DiscountPercentage], [p].[EndDate], [p].[IsActive], [p].[MaxUsage], [p].[StartDate], [p].[UpdatedAtUtc]
FROM [Promotions] AS [p]
WHERE [p].[IsActive] = CAST(1 AS bit) AND [p].[StartDate] <= @__currentDate_0 AND ([p].[EndDate] IS NULL OR [p].[EndDate] >= @__currentDate_1) AND ([p].[MaxUsage] IS NULL OR [p].[CurrentUsage] < [p].[MaxUsage])
ORDER BY [p].[EndDate]
2025-06-25 07:10:08.193 +07:00 [INF] (Microsoft.EntityFrameworkCore.Database.Command) Executed DbCommand (1ms) [Parameters=[], CommandType='"Text"', CommandTimeout='30']
SELECT [c].[Id], [c].[CreatedAtUtc], [c].[Description], [c].[IsDeleted], [c].[Name], [c].[ParentCategoryId], [c].[UpdatedAtUtc]
FROM [Categories] AS [c]
WHERE [c].[IsDeleted] = CAST(0 AS bit) AND [c].[ParentCategoryId] IS NULL AND [c].[IsDeleted] = CAST(0 AS bit)
ORDER BY [c].[Name]
2025-06-25 07:10:08.197 +07:00 [INF] (Bookstore.Application.Services.DashboardService) Successfully fetched home dashboard data.
2025-06-25 07:10:25.603 +07:00 [INF] (Microsoft.EntityFrameworkCore.Database.Command) Executed DbCommand (13ms) [Parameters=[@__p_0='0', @__p_1='15'], CommandType='"Text"', CommandTimeout='30']
SELECT [u1].[Id], [u1].[CreatedAtUtc], [u1].[Email], [u1].[FirstName], [u1].[IsActive], [u1].[LastName], [u1].[PasswordHash], [u1].[PhoneNumber], [u1].[UpdatedAtUtc], [u1].[UserName], [s].[UserId], [s].[RoleId], [s].[Id], [s].[CreatedAtUtc], [s].[Name], [s].[UpdatedAtUtc]
FROM (
    SELECT [u].[Id], [u].[CreatedAtUtc], [u].[Email], [u].[FirstName], [u].[IsActive], [u].[LastName], [u].[PasswordHash], [u].[PhoneNumber], [u].[UpdatedAtUtc], [u].[UserName]
    FROM [Users] AS [u]
    ORDER BY [u].[UserName]
    OFFSET @__p_0 ROWS FETCH NEXT @__p_1 ROWS ONLY
) AS [u1]
LEFT JOIN (
    SELECT [u0].[UserId], [u0].[RoleId], [r].[Id], [r].[CreatedAtUtc], [r].[Name], [r].[UpdatedAtUtc]
    FROM [UserRoles] AS [u0]
    INNER JOIN [Roles] AS [r] ON [u0].[RoleId] = [r].[Id]
) AS [s] ON [u1].[Id] = [s].[UserId]
ORDER BY [u1].[UserName], [u1].[Id], [s].[UserId], [s].[RoleId]
2025-06-25 07:10:25.619 +07:00 [INF] (Microsoft.EntityFrameworkCore.Database.Command) Executed DbCommand (1ms) [Parameters=[], CommandType='"Text"', CommandTimeout='30']
SELECT COUNT(*)
FROM [Users] AS [u]
2025-06-25 07:10:31.271 +07:00 [INF] (Bookstore.Application.Services.ReportService) Fetching admin dashboard summary.
2025-06-25 07:10:31.289 +07:00 [INF] (Microsoft.EntityFrameworkCore.Database.Command) Executed DbCommand (12ms) [Parameters=[@__todayStart_0='2025-06-25T00:00:00.0000000Z', @__tomorrowStart_1='2025-06-26T00:00:00.0000000Z'], CommandType='"Text"', CommandTimeout='30']
SELECT COUNT(*)
FROM [Orders] AS [o]
WHERE [o].[OrderDate] >= @__todayStart_0 AND [o].[OrderDate] < @__tomorrowStart_1 AND [o].[Status] <> CAST(4 AS tinyint)
2025-06-25 07:10:31.305 +07:00 [INF] (Microsoft.EntityFrameworkCore.Database.Command) Executed DbCommand (3ms) [Parameters=[@__todayStart_0='2025-06-25T00:00:00.0000000Z', @__tomorrowStart_1='2025-06-26T00:00:00.0000000Z'], CommandType='"Text"', CommandTimeout='30']
SELECT COALESCE(SUM([o].[TotalAmount]), 0.0)
FROM [Orders] AS [o]
WHERE [o].[OrderDate] >= @__todayStart_0 AND [o].[OrderDate] < @__tomorrowStart_1 AND [o].[Status] = CAST(3 AS tinyint)
2025-06-25 07:10:31.317 +07:00 [INF] (Microsoft.EntityFrameworkCore.Database.Command) Executed DbCommand (3ms) [Parameters=[@__todayStart_0='2025-06-25T00:00:00.0000000Z', @__tomorrowStart_1='2025-06-26T00:00:00.0000000Z'], CommandType='"Text"', CommandTimeout='30']
SELECT COUNT(*)
FROM [Users] AS [u]
WHERE [u].[CreatedAtUtc] >= @__todayStart_0 AND [u].[CreatedAtUtc] < @__tomorrowStart_1
2025-06-25 07:10:31.328 +07:00 [INF] (Microsoft.EntityFrameworkCore.Database.Command) Executed DbCommand (4ms) [Parameters=[@__lowStockThreshold_0='10'], CommandType='"Text"', CommandTimeout='30']
SELECT COUNT(*)
FROM [Books] AS [b]
WHERE [b].[IsDeleted] = CAST(0 AS bit) AND [b].[IsDeleted] = CAST(0 AS bit) AND [b].[StockQuantity] > 0 AND [b].[StockQuantity] <= @__lowStockThreshold_0
2025-06-25 07:10:31.332 +07:00 [INF] (Bookstore.Application.Services.ReportService) Admin dashboard summary fetched successfully.
2025-06-25 07:10:35.929 +07:00 [INF] (Bookstore.Application.Services.StockReceiptService) Fetching all stock receipts. Page: 1, PageSize: 15
2025-06-25 07:10:35.964 +07:00 [INF] (Microsoft.EntityFrameworkCore.Database.Command) Executed DbCommand (12ms) [Parameters=[@__p_0='0', @__p_1='15'], CommandType='"Text"', CommandTimeout='30']
SELECT [s1].[Id], [s1].[CreatedAtUtc], [s1].[Notes], [s1].[ReceiptDate], [s1].[SupplierId], [s1].[UpdatedAtUtc], [s0].[Id], [s0].[Address], [s0].[ContactPerson], [s0].[CreatedAtUtc], [s0].[Email], [s0].[Name], [s0].[Phone], [s0].[UpdatedAtUtc]
FROM (
    SELECT [s].[Id], [s].[CreatedAtUtc], [s].[Notes], [s].[ReceiptDate], [s].[SupplierId], [s].[UpdatedAtUtc]
    FROM [StockReceipts] AS [s]
    ORDER BY [s].[ReceiptDate] DESC
    OFFSET @__p_0 ROWS FETCH NEXT @__p_1 ROWS ONLY
) AS [s1]
LEFT JOIN [Suppliers] AS [s0] ON [s1].[SupplierId] = [s0].[Id]
ORDER BY [s1].[ReceiptDate] DESC
2025-06-25 07:10:41.099 +07:00 [INF] (Bookstore.Application.Services.DashboardService) Fetching home dashboard data.
2025-06-25 07:10:41.110 +07:00 [INF] (Microsoft.EntityFrameworkCore.Database.Command) Executed DbCommand (8ms) [Parameters=[], CommandType='"Text"', CommandTimeout='30']
SELECT [b].[Id], [b].[AuthorId], [b].[CategoryId], [b].[CoverImageUrl], [b].[CreatedAtUtc], [b].[Description], [b].[ISBN], [b].[IsDeleted], [b].[Price], [b].[PublicationYear], [b].[Publisher], [b].[StockQuantity], [b].[Title], [b].[UpdatedAtUtc], [a].[Id], [a].[Biography], [a].[CreatedAtUtc], [a].[Name], [a].[UpdatedAtUtc]
FROM [Books] AS [b]
LEFT JOIN [Authors] AS [a] ON [b].[AuthorId] = [a].[Id]
WHERE [b].[IsDeleted] = CAST(0 AS bit)
ORDER BY [b].[CreatedAtUtc] DESC
2025-06-25 07:10:41.116 +07:00 [INF] (Bookstore.Application.Services.DashboardService) Fetched 8 newest books.
2025-06-25 07:10:41.132 +07:00 [INF] (Microsoft.EntityFrameworkCore.Database.Command) Executed DbCommand (13ms) [Parameters=[@__p_2='5', @__inclusiveStartDate_0='2025-05-26T00:00:00.0000000Z', @__inclusiveEndDate_1='2025-06-26T00:00:00.0000000Z'], CommandType='"Text"', CommandTimeout='30']
SELECT [s].[BookId], [b2].[Title] AS [BookTitle], [s].[TotalQuantitySold]
FROM (
    SELECT TOP(@__p_2) [o].[BookId], COALESCE(SUM([o].[Quantity]), 0) AS [TotalQuantitySold]
    FROM [OrderDetails] AS [o]
    INNER JOIN [Orders] AS [o0] ON [o].[OrderId] = [o0].[Id]
    INNER JOIN (
        SELECT [b].[Id], [b].[IsDeleted]
        FROM [Books] AS [b]
        WHERE [b].[IsDeleted] = CAST(0 AS bit)
    ) AS [b0] ON [o].[BookId] = [b0].[Id]
    WHERE [o0].[Status] = CAST(3 AS tinyint) AND [o0].[OrderDate] >= @__inclusiveStartDate_0 AND [o0].[OrderDate] < @__inclusiveEndDate_1 AND [b0].[IsDeleted] = CAST(0 AS bit)
    GROUP BY [o].[BookId]
    ORDER BY COALESCE(SUM([o].[Quantity]), 0) DESC
) AS [s]
INNER JOIN (
    SELECT [b1].[Id], [b1].[Title]
    FROM [Books] AS [b1]
    WHERE [b1].[IsDeleted] = CAST(0 AS bit)
) AS [b2] ON [s].[BookId] = [b2].[Id]
ORDER BY [s].[TotalQuantitySold] DESC
2025-06-25 07:10:41.142 +07:00 [INF] (Microsoft.EntityFrameworkCore.Database.Command) Executed DbCommand (6ms) [Parameters=[@__bestsellerBookIds_0='["f233a54e-3ee6-4916-aa37-12f3d1507322","5b413a44-ec6d-401a-b4a7-42597d8f8458","72394bf9-fb99-4dde-aff2-5bd54abf48c0","f512f55b-4833-4137-94e3-aa728257cc22","15135304-a1c9-4e1c-b43b-5380bf47442d"]' (Size = 4000)], CommandType='"Text"', CommandTimeout='30']
SELECT [b].[Id], [b].[AuthorId], [b].[CategoryId], [b].[CoverImageUrl], [b].[CreatedAtUtc], [b].[Description], [b].[ISBN], [b].[IsDeleted], [b].[Price], [b].[PublicationYear], [b].[Publisher], [b].[StockQuantity], [b].[Title], [b].[UpdatedAtUtc], [a].[Id], [a].[Biography], [a].[CreatedAtUtc], [a].[Name], [a].[UpdatedAtUtc]
FROM [Books] AS [b]
LEFT JOIN [Authors] AS [a] ON [b].[AuthorId] = [a].[Id]
WHERE [b].[IsDeleted] = CAST(0 AS bit) AND [b].[Id] IN (
    SELECT [b0].[value]
    FROM OPENJSON(@__bestsellerBookIds_0) WITH ([value] uniqueidentifier '$') AS [b0]
) AND [b].[IsDeleted] = CAST(0 AS bit)
2025-06-25 07:10:41.146 +07:00 [INF] (Bookstore.Application.Services.DashboardService) Fetched 5 bestselling books.
2025-06-25 07:10:41.151 +07:00 [INF] (Microsoft.EntityFrameworkCore.Database.Command) Executed DbCommand (4ms) [Parameters=[@__currentDate_0='2025-06-25T00:10:41.1471250Z', @__currentDate_1='2025-06-25T00:10:41.1471250Z' (Nullable = true)], CommandType='"Text"', CommandTimeout='30']
SELECT [p].[Id], [p].[Code], [p].[CreatedAtUtc], [p].[CurrentUsage], [p].[Description], [p].[DiscountAmount], [p].[DiscountPercentage], [p].[EndDate], [p].[IsActive], [p].[MaxUsage], [p].[StartDate], [p].[UpdatedAtUtc]
FROM [Promotions] AS [p]
WHERE [p].[IsActive] = CAST(1 AS bit) AND [p].[StartDate] <= @__currentDate_0 AND ([p].[EndDate] IS NULL OR [p].[EndDate] >= @__currentDate_1) AND ([p].[MaxUsage] IS NULL OR [p].[CurrentUsage] < [p].[MaxUsage])
ORDER BY [p].[EndDate]
2025-06-25 07:10:41.157 +07:00 [INF] (Microsoft.EntityFrameworkCore.Database.Command) Executed DbCommand (3ms) [Parameters=[], CommandType='"Text"', CommandTimeout='30']
SELECT [c].[Id], [c].[CreatedAtUtc], [c].[Description], [c].[IsDeleted], [c].[Name], [c].[ParentCategoryId], [c].[UpdatedAtUtc]
FROM [Categories] AS [c]
WHERE [c].[IsDeleted] = CAST(0 AS bit) AND [c].[ParentCategoryId] IS NULL AND [c].[IsDeleted] = CAST(0 AS bit)
ORDER BY [c].[Name]
2025-06-25 07:10:41.161 +07:00 [INF] (Bookstore.Application.Services.DashboardService) Successfully fetched home dashboard data.
2025-06-25 07:10:44.950 +07:00 [WRN] (Bookstore.Infrastructure.Services.GoogleCloudStorageService) DEBUG: GOOGLE_APPLICATION_CREDENTIALS value read: 'D:\imagekey\gcs_service_account_key.json'
2025-06-25 07:10:44.952 +07:00 [WRN] (Bookstore.Infrastructure.Services.GoogleCloudStorageService) DEBUG: Checking if file exists at path: 'true'
2025-06-25 07:10:44.954 +07:00 [WRN] (Bookstore.Infrastructure.Services.GoogleCloudStorageService) DEBUG: Parsed Path as URI successfully: D:\imagekey\gcs_service_account_key.json
2025-06-25 07:10:44.956 +07:00 [WRN] (Bookstore.Infrastructure.Services.GoogleCloudStorageService) DEBUG: Successfully read content from credential file.
2025-06-25 07:10:45.723 +07:00 [INF] (Bookstore.Infrastructure.Services.GoogleCloudStorageService) Google Cloud Storage client created successfully using Application Default Credentials or Environment Variable.
2025-06-25 07:10:45.748 +07:00 [INF] (Microsoft.EntityFrameworkCore.Database.Command) Executed DbCommand (4ms) [Parameters=[@__id_0='f233a54e-3ee6-4916-aa37-12f3d1507322'], CommandType='"Text"', CommandTimeout='30']
SELECT [b].[Id], [b].[AuthorId], [b].[CategoryId], [b].[CoverImageUrl], [b].[CreatedAtUtc], [b].[Description], [b].[ISBN], [b].[IsDeleted], [b].[Price], [b].[PublicationYear], [b].[Publisher], [b].[StockQuantity], [b].[Title], [b].[UpdatedAtUtc], [a].[Id], [a].[Biography], [a].[CreatedAtUtc], [a].[Name], [a].[UpdatedAtUtc], [c0].[Id], [c0].[CreatedAtUtc], [c0].[Description], [c0].[IsDeleted], [c0].[Name], [c0].[ParentCategoryId], [c0].[UpdatedAtUtc]
FROM [Books] AS [b]
LEFT JOIN [Authors] AS [a] ON [b].[AuthorId] = [a].[Id]
INNER JOIN (
    SELECT [c].[Id], [c].[CreatedAtUtc], [c].[Description], [c].[IsDeleted], [c].[Name], [c].[ParentCategoryId], [c].[UpdatedAtUtc]
    FROM [Categories] AS [c]
    WHERE [c].[IsDeleted] = CAST(0 AS bit)
) AS [c0] ON [b].[CategoryId] = [c0].[Id]
WHERE [b].[IsDeleted] = CAST(0 AS bit) AND [b].[Id] = @__id_0
2025-06-25 07:10:47.499 +07:00 [INF] (Microsoft.EntityFrameworkCore.Database.Command) Executed DbCommand (5ms) [Parameters=[@__bookId_0='f233a54e-3ee6-4916-aa37-12f3d1507322', @__p_1='0', @__p_2='5'], CommandType='"Text"', CommandTimeout='30']
SELECT [r0].[Id], [r0].[BookId], [r0].[Comment], [r0].[CreatedAtUtc], [r0].[IsApproved], [r0].[Rating], [r0].[UpdatedAtUtc], [r0].[UserId], [u].[Id], [u].[CreatedAtUtc], [u].[Email], [u].[FirstName], [u].[IsActive], [u].[LastName], [u].[PasswordHash], [u].[PhoneNumber], [u].[UpdatedAtUtc], [u].[UserName]
FROM (
    SELECT [r].[Id], [r].[BookId], [r].[Comment], [r].[CreatedAtUtc], [r].[IsApproved], [r].[Rating], [r].[UpdatedAtUtc], [r].[UserId]
    FROM [Reviews] AS [r]
    WHERE [r].[BookId] = @__bookId_0 AND [r].[IsApproved] = CAST(1 AS bit)
    ORDER BY [r].[CreatedAtUtc] DESC
    OFFSET @__p_1 ROWS FETCH NEXT @__p_2 ROWS ONLY
) AS [r0]
INNER JOIN [Users] AS [u] ON [r0].[UserId] = [u].[Id]
ORDER BY [r0].[CreatedAtUtc] DESC
2025-06-25 07:10:48.038 +07:00 [INF] (Microsoft.EntityFrameworkCore.Database.Command) Executed DbCommand (6ms) [Parameters=[@__userId_0='f54527eb-f806-40db-bf76-c7b0e5fa6d39'], CommandType='"Text"', CommandTimeout='30']
SELECT [w].[Id], [w].[BookId], [w].[CreatedAtUtc], [w].[UserId], [b0].[Id], [b0].[AuthorId], [b0].[CategoryId], [b0].[CoverImageUrl], [b0].[CreatedAtUtc], [b0].[Description], [b0].[ISBN], [b0].[IsDeleted], [b0].[Price], [b0].[PublicationYear], [b0].[Publisher], [b0].[StockQuantity], [b0].[Title], [b0].[UpdatedAtUtc], [a].[Id], [a].[Biography], [a].[CreatedAtUtc], [a].[Name], [a].[UpdatedAtUtc]
FROM [WishlistItems] AS [w]
INNER JOIN (
    SELECT [b].[Id], [b].[AuthorId], [b].[CategoryId], [b].[CoverImageUrl], [b].[CreatedAtUtc], [b].[Description], [b].[ISBN], [b].[IsDeleted], [b].[Price], [b].[PublicationYear], [b].[Publisher], [b].[StockQuantity], [b].[Title], [b].[UpdatedAtUtc]
    FROM [Books] AS [b]
    WHERE [b].[IsDeleted] = CAST(0 AS bit)
) AS [b0] ON [w].[BookId] = [b0].[Id]
LEFT JOIN [Authors] AS [a] ON [b0].[AuthorId] = [a].[Id]
WHERE [w].[UserId] = @__userId_0 AND [b0].[IsDeleted] = CAST(0 AS bit)
ORDER BY [w].[CreatedAtUtc] DESC
2025-06-25 07:10:51.787 +07:00 [INF] (Microsoft.EntityFrameworkCore.Database.Command) Executed DbCommand (2ms) [Parameters=[@__p_0='f233a54e-3ee6-4916-aa37-12f3d1507322' (Nullable = true)], CommandType='"Text"', CommandTimeout='30']
SELECT TOP(1) [b].[Id], [b].[AuthorId], [b].[CategoryId], [b].[CoverImageUrl], [b].[CreatedAtUtc], [b].[Description], [b].[ISBN], [b].[IsDeleted], [b].[Price], [b].[PublicationYear], [b].[Publisher], [b].[StockQuantity], [b].[Title], [b].[UpdatedAtUtc]
FROM [Books] AS [b]
WHERE [b].[IsDeleted] = CAST(0 AS bit) AND [b].[Id] = @__p_0
2025-06-25 07:10:51.837 +07:00 [INF] (Microsoft.EntityFrameworkCore.Database.Command) Executed DbCommand (3ms) [Parameters=[@__p_0='f54527eb-f806-40db-bf76-c7b0e5fa6d39' (Nullable = true), @__p_1='f233a54e-3ee6-4916-aa37-12f3d1507322' (Nullable = true)], CommandType='"Text"', CommandTimeout='30']
SELECT TOP(1) [c].[UserId], [c].[BookId], [c].[CreatedAtUtc], [c].[Quantity], [c].[UpdatedAtUtc]
FROM [CartItems] AS [c]
WHERE [c].[UserId] = @__p_0 AND [c].[BookId] = @__p_1
2025-06-25 07:10:52.006 +07:00 [INF] (Microsoft.EntityFrameworkCore.Database.Command) Executed DbCommand (3ms) [Parameters=[@p0='f233a54e-3ee6-4916-aa37-12f3d1507322', @p1='f54527eb-f806-40db-bf76-c7b0e5fa6d39', @p2='2025-06-25T00:10:51.8431875Z', @p3='1', @p4='2025-06-25T00:10:51.8431876Z'], CommandType='"Text"', CommandTimeout='30']
SET IMPLICIT_TRANSACTIONS OFF;
SET NOCOUNT ON;
INSERT INTO [CartItems] ([BookId], [UserId], [CreatedAtUtc], [Quantity], [UpdatedAtUtc])
VALUES (@p0, @p1, @p2, @p3, @p4);
2025-06-25 07:10:55.130 +07:00 [INF] (Bookstore.Application.Services.DashboardService) Fetching home dashboard data.
2025-06-25 07:10:55.133 +07:00 [INF] (Microsoft.EntityFrameworkCore.Database.Command) Executed DbCommand (1ms) [Parameters=[], CommandType='"Text"', CommandTimeout='30']
SELECT [b].[Id], [b].[AuthorId], [b].[CategoryId], [b].[CoverImageUrl], [b].[CreatedAtUtc], [b].[Description], [b].[ISBN], [b].[IsDeleted], [b].[Price], [b].[PublicationYear], [b].[Publisher], [b].[StockQuantity], [b].[Title], [b].[UpdatedAtUtc], [a].[Id], [a].[Biography], [a].[CreatedAtUtc], [a].[Name], [a].[UpdatedAtUtc]
FROM [Books] AS [b]
LEFT JOIN [Authors] AS [a] ON [b].[AuthorId] = [a].[Id]
WHERE [b].[IsDeleted] = CAST(0 AS bit)
ORDER BY [b].[CreatedAtUtc] DESC
2025-06-25 07:10:55.140 +07:00 [INF] (Bookstore.Application.Services.DashboardService) Fetched 8 newest books.
2025-06-25 07:10:55.146 +07:00 [INF] (Microsoft.EntityFrameworkCore.Database.Command) Executed DbCommand (2ms) [Parameters=[@__p_2='5', @__inclusiveStartDate_0='2025-05-26T00:00:00.0000000Z', @__inclusiveEndDate_1='2025-06-26T00:00:00.0000000Z'], CommandType='"Text"', CommandTimeout='30']
SELECT [s].[BookId], [b2].[Title] AS [BookTitle], [s].[TotalQuantitySold]
FROM (
    SELECT TOP(@__p_2) [o].[BookId], COALESCE(SUM([o].[Quantity]), 0) AS [TotalQuantitySold]
    FROM [OrderDetails] AS [o]
    INNER JOIN [Orders] AS [o0] ON [o].[OrderId] = [o0].[Id]
    INNER JOIN (
        SELECT [b].[Id], [b].[IsDeleted]
        FROM [Books] AS [b]
        WHERE [b].[IsDeleted] = CAST(0 AS bit)
    ) AS [b0] ON [o].[BookId] = [b0].[Id]
    WHERE [o0].[Status] = CAST(3 AS tinyint) AND [o0].[OrderDate] >= @__inclusiveStartDate_0 AND [o0].[OrderDate] < @__inclusiveEndDate_1 AND [b0].[IsDeleted] = CAST(0 AS bit)
    GROUP BY [o].[BookId]
    ORDER BY COALESCE(SUM([o].[Quantity]), 0) DESC
) AS [s]
INNER JOIN (
    SELECT [b1].[Id], [b1].[Title]
    FROM [Books] AS [b1]
    WHERE [b1].[IsDeleted] = CAST(0 AS bit)
) AS [b2] ON [s].[BookId] = [b2].[Id]
ORDER BY [s].[TotalQuantitySold] DESC
2025-06-25 07:10:55.151 +07:00 [INF] (Microsoft.EntityFrameworkCore.Database.Command) Executed DbCommand (1ms) [Parameters=[@__bestsellerBookIds_0='["f233a54e-3ee6-4916-aa37-12f3d1507322","5b413a44-ec6d-401a-b4a7-42597d8f8458","72394bf9-fb99-4dde-aff2-5bd54abf48c0","f512f55b-4833-4137-94e3-aa728257cc22","15135304-a1c9-4e1c-b43b-5380bf47442d"]' (Size = 4000)], CommandType='"Text"', CommandTimeout='30']
SELECT [b].[Id], [b].[AuthorId], [b].[CategoryId], [b].[CoverImageUrl], [b].[CreatedAtUtc], [b].[Description], [b].[ISBN], [b].[IsDeleted], [b].[Price], [b].[PublicationYear], [b].[Publisher], [b].[StockQuantity], [b].[Title], [b].[UpdatedAtUtc], [a].[Id], [a].[Biography], [a].[CreatedAtUtc], [a].[Name], [a].[UpdatedAtUtc]
FROM [Books] AS [b]
LEFT JOIN [Authors] AS [a] ON [b].[AuthorId] = [a].[Id]
WHERE [b].[IsDeleted] = CAST(0 AS bit) AND [b].[Id] IN (
    SELECT [b0].[value]
    FROM OPENJSON(@__bestsellerBookIds_0) WITH ([value] uniqueidentifier '$') AS [b0]
) AND [b].[IsDeleted] = CAST(0 AS bit)
2025-06-25 07:10:55.154 +07:00 [INF] (Bookstore.Application.Services.DashboardService) Fetched 5 bestselling books.
2025-06-25 07:10:55.156 +07:00 [INF] (Microsoft.EntityFrameworkCore.Database.Command) Executed DbCommand (1ms) [Parameters=[@__currentDate_0='2025-06-25T00:10:55.1558205Z', @__currentDate_1='2025-06-25T00:10:55.1558205Z' (Nullable = true)], CommandType='"Text"', CommandTimeout='30']
SELECT [p].[Id], [p].[Code], [p].[CreatedAtUtc], [p].[CurrentUsage], [p].[Description], [p].[DiscountAmount], [p].[DiscountPercentage], [p].[EndDate], [p].[IsActive], [p].[MaxUsage], [p].[StartDate], [p].[UpdatedAtUtc]
FROM [Promotions] AS [p]
WHERE [p].[IsActive] = CAST(1 AS bit) AND [p].[StartDate] <= @__currentDate_0 AND ([p].[EndDate] IS NULL OR [p].[EndDate] >= @__currentDate_1) AND ([p].[MaxUsage] IS NULL OR [p].[CurrentUsage] < [p].[MaxUsage])
ORDER BY [p].[EndDate]
2025-06-25 07:10:55.161 +07:00 [INF] (Microsoft.EntityFrameworkCore.Database.Command) Executed DbCommand (1ms) [Parameters=[], CommandType='"Text"', CommandTimeout='30']
SELECT [c].[Id], [c].[CreatedAtUtc], [c].[Description], [c].[IsDeleted], [c].[Name], [c].[ParentCategoryId], [c].[UpdatedAtUtc]
FROM [Categories] AS [c]
WHERE [c].[IsDeleted] = CAST(0 AS bit) AND [c].[ParentCategoryId] IS NULL AND [c].[IsDeleted] = CAST(0 AS bit)
ORDER BY [c].[Name]
2025-06-25 07:10:55.164 +07:00 [INF] (Bookstore.Application.Services.DashboardService) Successfully fetched home dashboard data.
2025-06-25 07:11:02.652 +07:00 [INF] (Bookstore.Application.Services.StockReceiptService) Fetching all stock receipts. Page: 1, PageSize: 15
2025-06-25 07:11:02.659 +07:00 [INF] (Microsoft.EntityFrameworkCore.Database.Command) Executed DbCommand (2ms) [Parameters=[@__p_0='0', @__p_1='15'], CommandType='"Text"', CommandTimeout='30']
SELECT [s1].[Id], [s1].[CreatedAtUtc], [s1].[Notes], [s1].[ReceiptDate], [s1].[SupplierId], [s1].[UpdatedAtUtc], [s0].[Id], [s0].[Address], [s0].[ContactPerson], [s0].[CreatedAtUtc], [s0].[Email], [s0].[Name], [s0].[Phone], [s0].[UpdatedAtUtc]
FROM (
    SELECT [s].[Id], [s].[CreatedAtUtc], [s].[Notes], [s].[ReceiptDate], [s].[SupplierId], [s].[UpdatedAtUtc]
    FROM [StockReceipts] AS [s]
    ORDER BY [s].[ReceiptDate] DESC
    OFFSET @__p_0 ROWS FETCH NEXT @__p_1 ROWS ONLY
) AS [s1]
LEFT JOIN [Suppliers] AS [s0] ON [s1].[SupplierId] = [s0].[Id]
ORDER BY [s1].[ReceiptDate] DESC
2025-06-25 07:11:07.246 +07:00 [INF] (Microsoft.EntityFrameworkCore.Database.Command) Executed DbCommand (5ms) [Parameters=[@__userId_0='f54527eb-f806-40db-bf76-c7b0e5fa6d39'], CommandType='"Text"', CommandTimeout='30']
SELECT [c].[UserId], [c].[BookId], [c].[CreatedAtUtc], [c].[Quantity], [c].[UpdatedAtUtc], [b0].[Id], [b0].[AuthorId], [b0].[CategoryId], [b0].[CoverImageUrl], [b0].[CreatedAtUtc], [b0].[Description], [b0].[ISBN], [b0].[IsDeleted], [b0].[Price], [b0].[PublicationYear], [b0].[Publisher], [b0].[StockQuantity], [b0].[Title], [b0].[UpdatedAtUtc], [a].[Id], [a].[Biography], [a].[CreatedAtUtc], [a].[Name], [a].[UpdatedAtUtc]
FROM [CartItems] AS [c]
INNER JOIN (
    SELECT [b].[Id], [b].[AuthorId], [b].[CategoryId], [b].[CoverImageUrl], [b].[CreatedAtUtc], [b].[Description], [b].[ISBN], [b].[IsDeleted], [b].[Price], [b].[PublicationYear], [b].[Publisher], [b].[StockQuantity], [b].[Title], [b].[UpdatedAtUtc]
    FROM [Books] AS [b]
    WHERE [b].[IsDeleted] = CAST(0 AS bit)
) AS [b0] ON [c].[BookId] = [b0].[Id]
LEFT JOIN [Authors] AS [a] ON [b0].[AuthorId] = [a].[Id]
WHERE [c].[UserId] = @__userId_0
ORDER BY [b0].[Title]
2025-06-25 07:11:10.111 +07:00 [INF] (Microsoft.EntityFrameworkCore.Database.Command) Executed DbCommand (1ms) [Parameters=[@__userId_0='f54527eb-f806-40db-bf76-c7b0e5fa6d39'], CommandType='"Text"', CommandTimeout='30']
SELECT [c].[UserId], [c].[BookId], [c].[CreatedAtUtc], [c].[Quantity], [c].[UpdatedAtUtc], [b0].[Id], [b0].[AuthorId], [b0].[CategoryId], [b0].[CoverImageUrl], [b0].[CreatedAtUtc], [b0].[Description], [b0].[ISBN], [b0].[IsDeleted], [b0].[Price], [b0].[PublicationYear], [b0].[Publisher], [b0].[StockQuantity], [b0].[Title], [b0].[UpdatedAtUtc], [a].[Id], [a].[Biography], [a].[CreatedAtUtc], [a].[Name], [a].[UpdatedAtUtc]
FROM [CartItems] AS [c]
INNER JOIN (
    SELECT [b].[Id], [b].[AuthorId], [b].[CategoryId], [b].[CoverImageUrl], [b].[CreatedAtUtc], [b].[Description], [b].[ISBN], [b].[IsDeleted], [b].[Price], [b].[PublicationYear], [b].[Publisher], [b].[StockQuantity], [b].[Title], [b].[UpdatedAtUtc]
    FROM [Books] AS [b]
    WHERE [b].[IsDeleted] = CAST(0 AS bit)
) AS [b0] ON [c].[BookId] = [b0].[Id]
LEFT JOIN [Authors] AS [a] ON [b0].[AuthorId] = [a].[Id]
WHERE [c].[UserId] = @__userId_0
ORDER BY [b0].[Title]
2025-06-25 07:11:10.382 +07:00 [INF] (Microsoft.EntityFrameworkCore.Database.Command) Executed DbCommand (4ms) [Parameters=[@__userId_0='f54527eb-f806-40db-bf76-c7b0e5fa6d39'], CommandType='"Text"', CommandTimeout='30']
SELECT [a].[Id], [a].[City], [a].[CreatedAtUtc], [a].[District], [a].[IsDefault], [a].[Street], [a].[UpdatedAtUtc], [a].[UserId], [a].[Village]
FROM [Addresses] AS [a]
WHERE [a].[UserId] = @__userId_0
ORDER BY [a].[IsDefault] DESC, [a].[UpdatedAtUtc] DESC
2025-06-25 07:11:14.161 +07:00 [INF] (Bookstore.Application.Services.OrderService) Attempting to create online order for User: "f54527eb-f806-40db-bf76-c7b0e5fa6d39"
2025-06-25 07:11:14.164 +07:00 [INF] (Microsoft.EntityFrameworkCore.Database.Command) Executed DbCommand (1ms) [Parameters=[@__userId_0='f54527eb-f806-40db-bf76-c7b0e5fa6d39'], CommandType='"Text"', CommandTimeout='30']
SELECT [c].[UserId], [c].[BookId], [c].[CreatedAtUtc], [c].[Quantity], [c].[UpdatedAtUtc], [b0].[Id], [b0].[AuthorId], [b0].[CategoryId], [b0].[CoverImageUrl], [b0].[CreatedAtUtc], [b0].[Description], [b0].[ISBN], [b0].[IsDeleted], [b0].[Price], [b0].[PublicationYear], [b0].[Publisher], [b0].[StockQuantity], [b0].[Title], [b0].[UpdatedAtUtc], [a].[Id], [a].[Biography], [a].[CreatedAtUtc], [a].[Name], [a].[UpdatedAtUtc]
FROM [CartItems] AS [c]
INNER JOIN (
    SELECT [b].[Id], [b].[AuthorId], [b].[CategoryId], [b].[CoverImageUrl], [b].[CreatedAtUtc], [b].[Description], [b].[ISBN], [b].[IsDeleted], [b].[Price], [b].[PublicationYear], [b].[Publisher], [b].[StockQuantity], [b].[Title], [b].[UpdatedAtUtc]
    FROM [Books] AS [b]
    WHERE [b].[IsDeleted] = CAST(0 AS bit)
) AS [b0] ON [c].[BookId] = [b0].[Id]
LEFT JOIN [Authors] AS [a] ON [b0].[AuthorId] = [a].[Id]
WHERE [c].[UserId] = @__userId_0
ORDER BY [b0].[Title]
2025-06-25 07:11:14.178 +07:00 [INF] (Microsoft.EntityFrameworkCore.Database.Command) Executed DbCommand (1ms) [Parameters=[@__p_0='c09a0dc3-0006-4f2a-a03c-1adb40e30110' (Nullable = true)], CommandType='"Text"', CommandTimeout='30']
SELECT TOP(1) [a].[Id], [a].[City], [a].[CreatedAtUtc], [a].[District], [a].[IsDefault], [a].[Street], [a].[UpdatedAtUtc], [a].[UserId], [a].[Village]
FROM [Addresses] AS [a]
WHERE [a].[Id] = @__p_0
2025-06-25 07:11:14.333 +07:00 [WRN] (Microsoft.EntityFrameworkCore.Database.Transaction) Savepoints are disabled because Multiple Active Result Sets (MARS) is enabled. If 'SaveChanges' fails, then the transaction cannot be automatically rolled back to a known clean state. Instead, the transaction should be rolled back by the application before retrying 'SaveChanges'. See https://go.microsoft.com/fwlink/?linkid=2149338 for more information and examples. To identify the code which triggers this warning, call 'ConfigureWarnings(w => w.Throw(SqlServerEventId.SavepointsDisabledBecauseOfMARS))'.
2025-06-25 07:11:14.348 +07:00 [INF] (Microsoft.EntityFrameworkCore.Database.Command) Executed DbCommand (9ms) [Parameters=[@p0='5e5f4bc7-2e17-43f4-96f2-73f65df4730f', @p1='Tp. Hồ Chí Minh' (Nullable = false) (Size = 100), @p2='Tân Bình' (Nullable = false) (Size = 100), @p3=NULL (Size = 20), @p4=NULL (Size = 200), @p5='139 Bạch Đằng' (Nullable = false) (Size = 256), @p6='phường 2' (Size = 100), @p7='ad829488-0fae-4075-a5ca-d15f97e0d196', @p8='2025-06-25T00:11:14.3159298Z', @p9='0' (Size = 1), @p10=NULL (Size = 50), @p11='2025-06-25T00:11:14.2335243Z', @p12='5e5f4bc7-2e17-43f4-96f2-73f65df4730f' (Nullable = true), @p13='0' (Size = 1), @p14='0' (Nullable = true) (Size = 1), @p15='0' (Size = 1), @p16='355000.00' (Precision = 18) (Scale = 2), @p17=NULL (Size = 4000), @p18='2025-06-25T00:11:14.3159292Z', @p19='f54527eb-f806-40db-bf76-c7b0e5fa6d39' (Nullable = true), @p20='74a40cc9-2e85-4eff-b129-558b1bdaa879', @p21='f233a54e-3ee6-4916-aa37-12f3d1507322', @p22='ad829488-0fae-4075-a5ca-d15f97e0d196', @p23='1', @p24='355000.00' (Precision = 18) (Scale = 2)], CommandType='"Text"', CommandTimeout='30']
SET NOCOUNT ON;
INSERT INTO [OrderShippingAddresses] ([Id], [City], [District], [PhoneNumber], [RecipientName], [Street], [Village])
VALUES (@p0, @p1, @p2, @p3, @p4, @p5, @p6);
INSERT INTO [Orders] ([Id], [CreatedAtUtc], [DeliveryMethod], [InvoiceNumber], [OrderDate], [OrderShippingAddressId], [OrderType], [PaymentMethod], [Status], [TotalAmount], [TransactionId], [UpdatedAtUtc], [UserId])
OUTPUT INSERTED.[PaymentStatus]
VALUES (@p7, @p8, @p9, @p10, @p11, @p12, @p13, @p14, @p15, @p16, @p17, @p18, @p19);
INSERT INTO [OrderDetails] ([Id], [BookId], [OrderId], [Quantity], [UnitPrice])
VALUES (@p20, @p21, @p22, @p23, @p24);
2025-06-25 07:11:14.365 +07:00 [INF] (Bookstore.Application.Services.OrderService) Order "ad829488-0fae-4075-a5ca-d15f97e0d196" created with Pending status for User "f54527eb-f806-40db-bf76-c7b0e5fa6d39".
2025-06-25 07:11:14.368 +07:00 [INF] (Bookstore.Application.Services.OrderService) Simulating online payment for Order "ad829488-0fae-4075-a5ca-d15f97e0d196", Amount: 355000.00
2025-06-25 07:11:15.374 +07:00 [INF] (Bookstore.Application.Services.OrderService) Payment simulation successful for Order "ad829488-0fae-4075-a5ca-d15f97e0d196". TransactionId: PMT_B08E5B86
2025-06-25 07:11:15.376 +07:00 [INF] (Bookstore.Application.Services.OrderService) Payment successful for Order "ad829488-0fae-4075-a5ca-d15f97e0d196".
2025-06-25 07:11:15.383 +07:00 [INF] (Microsoft.EntityFrameworkCore.Database.Command) Executed DbCommand (0ms) [Parameters=[@__p_0='f233a54e-3ee6-4916-aa37-12f3d1507322' (Nullable = true)], CommandType='"Text"', CommandTimeout='30']
SELECT TOP(1) [b].[Id], [b].[AuthorId], [b].[CategoryId], [b].[CoverImageUrl], [b].[CreatedAtUtc], [b].[Description], [b].[ISBN], [b].[IsDeleted], [b].[Price], [b].[PublicationYear], [b].[Publisher], [b].[StockQuantity], [b].[Title], [b].[UpdatedAtUtc]
FROM [Books] AS [b]
WHERE [b].[IsDeleted] = CAST(0 AS bit) AND [b].[Id] = @__p_0
2025-06-25 07:11:15.424 +07:00 [INF] (Microsoft.EntityFrameworkCore.Database.Command) Executed DbCommand (2ms) [Parameters=[@__userId_0='f54527eb-f806-40db-bf76-c7b0e5fa6d39'], CommandType='"Text"', CommandTimeout='30']
SELECT [c].[UserId], [c].[BookId], [c].[CreatedAtUtc], [c].[Quantity], [c].[UpdatedAtUtc]
FROM [CartItems] AS [c]
WHERE [c].[UserId] = @__userId_0
2025-06-25 07:11:15.447 +07:00 [WRN] (Microsoft.EntityFrameworkCore.Database.Transaction) Savepoints are disabled because Multiple Active Result Sets (MARS) is enabled. If 'SaveChanges' fails, then the transaction cannot be automatically rolled back to a known clean state. Instead, the transaction should be rolled back by the application before retrying 'SaveChanges'. See https://go.microsoft.com/fwlink/?linkid=2149338 for more information and examples. To identify the code which triggers this warning, call 'ConfigureWarnings(w => w.Throw(SqlServerEventId.SavepointsDisabledBecauseOfMARS))'.
2025-06-25 07:11:15.468 +07:00 [INF] (Microsoft.EntityFrameworkCore.Database.Command) Executed DbCommand (17ms) [Parameters=[@p13='f233a54e-3ee6-4916-aa37-12f3d1507322', @p0=NULL (DbType = Guid), @p1='7b2b3e93-78a3-4a5b-88c8-0b2f2e8a5d6b', @p2='https://storage.googleapis.com/bookmanagement-images/images/covers/2461ce15-899d-4e5b-a2c0-7d28976a4ba3.jpg' (Size = 4000), @p3='2025-06-12T08:52:21.7300000', @p4='Updated by k6 performance test.' (Size = 4000), @p5=NULL (Size = 4000), @p6='False', @p7='355000.00' (Precision = 18) (Scale = 2), @p8=NULL (DbType = Int32), @p9=NULL (Size = 4000), @p10='203', @p11='George Orwell' (Nullable = false) (Size = 4000), @p12='2025-06-25T00:11:15.4366678Z', @p14='f233a54e-3ee6-4916-aa37-12f3d1507322', @p15='f54527eb-f806-40db-bf76-c7b0e5fa6d39', @p16='42c8503d-e205-40df-a4c5-a2d44ad9c854', @p17='f233a54e-3ee6-4916-aa37-12f3d1507322', @p18='-1', @p19='ad829488-0fae-4075-a5ca-d15f97e0d196' (Nullable = true), @p20='1' (Size = 1), @p21=NULL (DbType = Guid), @p22='2025-06-25T00:11:15.3944953Z', @p23='f54527eb-f806-40db-bf76-c7b0e5fa6d39' (Nullable = true), @p37='ad829488-0fae-4075-a5ca-d15f97e0d196', @p24='2025-06-25T00:11:14.3159298Z', @p25='0' (Size = 1), @p26='INV-20250625-AD82' (Size = 50), @p27='2025-06-25T00:11:14.2335243Z', @p28='5e5f4bc7-2e17-43f4-96f2-73f65df4730f' (Nullable = true), @p29='0' (Size = 1), @p30='0' (Nullable = true) (Size = 1), @p31='Completed' (Nullable = false) (Size = 50), @p32='1' (Size = 1), @p33='355000.00' (Precision = 18) (Scale = 2), @p34='PMT_B08E5B86' (Size = 4000), @p35='2025-06-25T00:11:15.4366668Z', @p36='f54527eb-f806-40db-bf76-c7b0e5fa6d39' (Nullable = true)], CommandType='"Text"', CommandTimeout='30']
SET NOCOUNT ON;
UPDATE [Books] SET [AuthorId] = @p0, [CategoryId] = @p1, [CoverImageUrl] = @p2, [CreatedAtUtc] = @p3, [Description] = @p4, [ISBN] = @p5, [IsDeleted] = @p6, [Price] = @p7, [PublicationYear] = @p8, [Publisher] = @p9, [StockQuantity] = @p10, [Title] = @p11, [UpdatedAtUtc] = @p12
OUTPUT 1
WHERE [Id] = @p13;
DELETE FROM [CartItems]
OUTPUT 1
WHERE [BookId] = @p14 AND [UserId] = @p15;
INSERT INTO [InventoryLogs] ([Id], [BookId], [ChangeQuantity], [OrderId], [Reason], [StockReceiptId], [TimestampUtc], [UserId])
VALUES (@p16, @p17, @p18, @p19, @p20, @p21, @p22, @p23);
UPDATE [Orders] SET [CreatedAtUtc] = @p24, [DeliveryMethod] = @p25, [InvoiceNumber] = @p26, [OrderDate] = @p27, [OrderShippingAddressId] = @p28, [OrderType] = @p29, [PaymentMethod] = @p30, [PaymentStatus] = @p31, [Status] = @p32, [TotalAmount] = @p33, [TransactionId] = @p34, [UpdatedAtUtc] = @p35, [UserId] = @p36
OUTPUT 1
WHERE [Id] = @p37;
2025-06-25 07:11:15.484 +07:00 [INF] (Bookstore.Application.Services.OrderService) Order "ad829488-0fae-4075-a5ca-d15f97e0d196" processing completed successfully for User "f54527eb-f806-40db-bf76-c7b0e5fa6d39".
2025-06-25 07:11:15.529 +07:00 [INF] (Microsoft.EntityFrameworkCore.Database.Command) Executed DbCommand (11ms) [Parameters=[@__orderId_0='ad829488-0fae-4075-a5ca-d15f97e0d196'], CommandType='"Text"', CommandTimeout='30']
SELECT [s].[Id], [s].[CreatedAtUtc], [s].[DeliveryMethod], [s].[InvoiceNumber], [s].[OrderDate], [s].[OrderShippingAddressId], [s].[OrderType], [s].[PaymentMethod], [s].[PaymentStatus], [s].[Status], [s].[TotalAmount], [s].[TransactionId], [s].[UpdatedAtUtc], [s].[UserId], [s].[Id0], [s].[CreatedAtUtc0], [s].[Email], [s].[FirstName], [s].[IsActive], [s].[LastName], [s].[PasswordHash], [s].[PhoneNumber], [s].[UpdatedAtUtc0], [s].[UserName], [s].[Id1], [s].[City], [s].[District], [s].[PhoneNumber0], [s].[RecipientName], [s].[Street], [s].[Village], [s0].[Id], [s0].[BookId], [s0].[OrderId], [s0].[Quantity], [s0].[UnitPrice], [s0].[Id0], [s0].[AuthorId], [s0].[CategoryId], [s0].[CoverImageUrl], [s0].[CreatedAtUtc], [s0].[Description], [s0].[ISBN], [s0].[IsDeleted], [s0].[Price], [s0].[PublicationYear], [s0].[Publisher], [s0].[StockQuantity], [s0].[Title], [s0].[UpdatedAtUtc], [s0].[Id1], [s0].[Biography], [s0].[CreatedAtUtc0], [s0].[Name], [s0].[UpdatedAtUtc0]
FROM (
    SELECT TOP(1) [o].[Id], [o].[CreatedAtUtc], [o].[DeliveryMethod], [o].[InvoiceNumber], [o].[OrderDate], [o].[OrderShippingAddressId], [o].[OrderType], [o].[PaymentMethod], [o].[PaymentStatus], [o].[Status], [o].[TotalAmount], [o].[TransactionId], [o].[UpdatedAtUtc], [o].[UserId], [u].[Id] AS [Id0], [u].[CreatedAtUtc] AS [CreatedAtUtc0], [u].[Email], [u].[FirstName], [u].[IsActive], [u].[LastName], [u].[PasswordHash], [u].[PhoneNumber], [u].[UpdatedAtUtc] AS [UpdatedAtUtc0], [u].[UserName], [o0].[Id] AS [Id1], [o0].[City], [o0].[District], [o0].[PhoneNumber] AS [PhoneNumber0], [o0].[RecipientName], [o0].[Street], [o0].[Village]
    FROM [Orders] AS [o]
    LEFT JOIN [Users] AS [u] ON [o].[UserId] = [u].[Id]
    LEFT JOIN [OrderShippingAddresses] AS [o0] ON [o].[OrderShippingAddressId] = [o0].[Id]
    WHERE [o].[Id] = @__orderId_0
) AS [s]
LEFT JOIN (
    SELECT [o1].[Id], [o1].[BookId], [o1].[OrderId], [o1].[Quantity], [o1].[UnitPrice], [b0].[Id] AS [Id0], [b0].[AuthorId], [b0].[CategoryId], [b0].[CoverImageUrl], [b0].[CreatedAtUtc], [b0].[Description], [b0].[ISBN], [b0].[IsDeleted], [b0].[Price], [b0].[PublicationYear], [b0].[Publisher], [b0].[StockQuantity], [b0].[Title], [b0].[UpdatedAtUtc], [a].[Id] AS [Id1], [a].[Biography], [a].[CreatedAtUtc] AS [CreatedAtUtc0], [a].[Name], [a].[UpdatedAtUtc] AS [UpdatedAtUtc0]
    FROM [OrderDetails] AS [o1]
    INNER JOIN (
        SELECT [b].[Id], [b].[AuthorId], [b].[CategoryId], [b].[CoverImageUrl], [b].[CreatedAtUtc], [b].[Description], [b].[ISBN], [b].[IsDeleted], [b].[Price], [b].[PublicationYear], [b].[Publisher], [b].[StockQuantity], [b].[Title], [b].[UpdatedAtUtc]
        FROM [Books] AS [b]
        WHERE [b].[IsDeleted] = CAST(0 AS bit)
    ) AS [b0] ON [o1].[BookId] = [b0].[Id]
    LEFT JOIN [Authors] AS [a] ON [b0].[AuthorId] = [a].[Id]
) AS [s0] ON [s].[Id] = [s0].[OrderId]
ORDER BY [s].[Id], [s].[Id0], [s].[Id1], [s0].[Id], [s0].[Id0]
2025-06-25 07:11:16.234 +07:00 [INF] (Bookstore.Application.Services.OrderService) Fetching orders for User: "f54527eb-f806-40db-bf76-c7b0e5fa6d39", Page: 1, PageSize: 15
2025-06-25 07:11:16.255 +07:00 [INF] (Microsoft.EntityFrameworkCore.Database.Command) Executed DbCommand (6ms) [Parameters=[@__userId_0='f54527eb-f806-40db-bf76-c7b0e5fa6d39' (Nullable = true), @__p_1='0', @__p_2='15'], CommandType='"Text"', CommandTimeout='30']
SELECT [o1].[Id], [o1].[CreatedAtUtc], [o1].[DeliveryMethod], [o1].[InvoiceNumber], [o1].[OrderDate], [o1].[OrderShippingAddressId], [o1].[OrderType], [o1].[PaymentMethod], [o1].[PaymentStatus], [o1].[Status], [o1].[TotalAmount], [o1].[TransactionId], [o1].[UpdatedAtUtc], [o1].[UserId], [o0].[Id], [o0].[BookId], [o0].[OrderId], [o0].[Quantity], [o0].[UnitPrice]
FROM (
    SELECT [o].[Id], [o].[CreatedAtUtc], [o].[DeliveryMethod], [o].[InvoiceNumber], [o].[OrderDate], [o].[OrderShippingAddressId], [o].[OrderType], [o].[PaymentMethod], [o].[PaymentStatus], [o].[Status], [o].[TotalAmount], [o].[TransactionId], [o].[UpdatedAtUtc], [o].[UserId]
    FROM [Orders] AS [o]
    WHERE [o].[UserId] = @__userId_0
    ORDER BY [o].[OrderDate] DESC
    OFFSET @__p_1 ROWS FETCH NEXT @__p_2 ROWS ONLY
) AS [o1]
LEFT JOIN [OrderDetails] AS [o0] ON [o1].[Id] = [o0].[OrderId]
ORDER BY [o1].[OrderDate] DESC, [o1].[Id]
2025-06-25 07:11:16.331 +07:00 [INF] (Bookstore.Application.Services.OrderService) Fetching orders for User: "f54527eb-f806-40db-bf76-c7b0e5fa6d39", Page: 1, PageSize: 15
2025-06-25 07:11:16.336 +07:00 [INF] (Microsoft.EntityFrameworkCore.Database.Command) Executed DbCommand (2ms) [Parameters=[@__userId_0='f54527eb-f806-40db-bf76-c7b0e5fa6d39' (Nullable = true), @__p_1='0', @__p_2='15'], CommandType='"Text"', CommandTimeout='30']
SELECT [o1].[Id], [o1].[CreatedAtUtc], [o1].[DeliveryMethod], [o1].[InvoiceNumber], [o1].[OrderDate], [o1].[OrderShippingAddressId], [o1].[OrderType], [o1].[PaymentMethod], [o1].[PaymentStatus], [o1].[Status], [o1].[TotalAmount], [o1].[TransactionId], [o1].[UpdatedAtUtc], [o1].[UserId], [o0].[Id], [o0].[BookId], [o0].[OrderId], [o0].[Quantity], [o0].[UnitPrice]
FROM (
    SELECT [o].[Id], [o].[CreatedAtUtc], [o].[DeliveryMethod], [o].[InvoiceNumber], [o].[OrderDate], [o].[OrderShippingAddressId], [o].[OrderType], [o].[PaymentMethod], [o].[PaymentStatus], [o].[Status], [o].[TotalAmount], [o].[TransactionId], [o].[UpdatedAtUtc], [o].[UserId]
    FROM [Orders] AS [o]
    WHERE [o].[UserId] = @__userId_0
    ORDER BY [o].[OrderDate] DESC
    OFFSET @__p_1 ROWS FETCH NEXT @__p_2 ROWS ONLY
) AS [o1]
LEFT JOIN [OrderDetails] AS [o0] ON [o1].[Id] = [o0].[OrderId]
ORDER BY [o1].[OrderDate] DESC, [o1].[Id]
2025-06-25 07:11:20.535 +07:00 [INF] (Bookstore.Application.Services.StockReceiptService) Fetching all stock receipts. Page: 1, PageSize: 15
2025-06-25 07:11:20.541 +07:00 [INF] (Microsoft.EntityFrameworkCore.Database.Command) Executed DbCommand (3ms) [Parameters=[@__p_0='0', @__p_1='15'], CommandType='"Text"', CommandTimeout='30']
SELECT [s1].[Id], [s1].[CreatedAtUtc], [s1].[Notes], [s1].[ReceiptDate], [s1].[SupplierId], [s1].[UpdatedAtUtc], [s0].[Id], [s0].[Address], [s0].[ContactPerson], [s0].[CreatedAtUtc], [s0].[Email], [s0].[Name], [s0].[Phone], [s0].[UpdatedAtUtc]
FROM (
    SELECT [s].[Id], [s].[CreatedAtUtc], [s].[Notes], [s].[ReceiptDate], [s].[SupplierId], [s].[UpdatedAtUtc]
    FROM [StockReceipts] AS [s]
    ORDER BY [s].[ReceiptDate] DESC
    OFFSET @__p_0 ROWS FETCH NEXT @__p_1 ROWS ONLY
) AS [s1]
LEFT JOIN [Suppliers] AS [s0] ON [s1].[SupplierId] = [s0].[Id]
ORDER BY [s1].[ReceiptDate] DESC
2025-06-25 07:11:23.762 +07:00 [INF] (Microsoft.EntityFrameworkCore.Database.Command) Executed DbCommand (7ms) [Parameters=[@__p_0='0', @__p_1='15'], CommandType='"Text"', CommandTimeout='30']
SELECT [u1].[Id], [u1].[CreatedAtUtc], [u1].[Email], [u1].[FirstName], [u1].[IsActive], [u1].[LastName], [u1].[PasswordHash], [u1].[PhoneNumber], [u1].[UpdatedAtUtc], [u1].[UserName], [s].[UserId], [s].[RoleId], [s].[Id], [s].[CreatedAtUtc], [s].[Name], [s].[UpdatedAtUtc]
FROM (
    SELECT [u].[Id], [u].[CreatedAtUtc], [u].[Email], [u].[FirstName], [u].[IsActive], [u].[LastName], [u].[PasswordHash], [u].[PhoneNumber], [u].[UpdatedAtUtc], [u].[UserName]
    FROM [Users] AS [u]
    ORDER BY [u].[UserName]
    OFFSET @__p_0 ROWS FETCH NEXT @__p_1 ROWS ONLY
) AS [u1]
LEFT JOIN (
    SELECT [u0].[UserId], [u0].[RoleId], [r].[Id], [r].[CreatedAtUtc], [r].[Name], [r].[UpdatedAtUtc]
    FROM [UserRoles] AS [u0]
    INNER JOIN [Roles] AS [r] ON [u0].[RoleId] = [r].[Id]
) AS [s] ON [u1].[Id] = [s].[UserId]
ORDER BY [u1].[UserName], [u1].[Id], [s].[UserId], [s].[RoleId]
2025-06-25 07:11:23.769 +07:00 [INF] (Microsoft.EntityFrameworkCore.Database.Command) Executed DbCommand (1ms) [Parameters=[], CommandType='"Text"', CommandTimeout='30']
SELECT COUNT(*)
FROM [Users] AS [u]
2025-06-25 07:11:24.391 +07:00 [WRN] (Bookstore.Application.Services.UserService) Role filter in GetAllUsersPagedAsync is complex and not fully implemented without specific repository method for roles.
2025-06-25 07:11:24.393 +07:00 [INF] (Microsoft.EntityFrameworkCore.Database.Command) Executed DbCommand (0ms) [Parameters=[@__p_0='0', @__p_1='15'], CommandType='"Text"', CommandTimeout='30']
SELECT [u1].[Id], [u1].[CreatedAtUtc], [u1].[Email], [u1].[FirstName], [u1].[IsActive], [u1].[LastName], [u1].[PasswordHash], [u1].[PhoneNumber], [u1].[UpdatedAtUtc], [u1].[UserName], [s].[UserId], [s].[RoleId], [s].[Id], [s].[CreatedAtUtc], [s].[Name], [s].[UpdatedAtUtc]
FROM (
    SELECT [u].[Id], [u].[CreatedAtUtc], [u].[Email], [u].[FirstName], [u].[IsActive], [u].[LastName], [u].[PasswordHash], [u].[PhoneNumber], [u].[UpdatedAtUtc], [u].[UserName]
    FROM [Users] AS [u]
    ORDER BY [u].[UserName]
    OFFSET @__p_0 ROWS FETCH NEXT @__p_1 ROWS ONLY
) AS [u1]
LEFT JOIN (
    SELECT [u0].[UserId], [u0].[RoleId], [r].[Id], [r].[CreatedAtUtc], [r].[Name], [r].[UpdatedAtUtc]
    FROM [UserRoles] AS [u0]
    INNER JOIN [Roles] AS [r] ON [u0].[RoleId] = [r].[Id]
) AS [s] ON [u1].[Id] = [s].[UserId]
ORDER BY [u1].[UserName], [u1].[Id], [s].[UserId], [s].[RoleId]
2025-06-25 07:11:24.397 +07:00 [INF] (Microsoft.EntityFrameworkCore.Database.Command) Executed DbCommand (0ms) [Parameters=[], CommandType='"Text"', CommandTimeout='30']
SELECT COUNT(*)
FROM [Users] AS [u]
2025-06-25 07:11:25.055 +07:00 [INF] (Microsoft.EntityFrameworkCore.Database.Command) Executed DbCommand (1ms) [Parameters=[@__p_0='0', @__p_1='15'], CommandType='"Text"', CommandTimeout='30']
SELECT [u1].[Id], [u1].[CreatedAtUtc], [u1].[Email], [u1].[FirstName], [u1].[IsActive], [u1].[LastName], [u1].[PasswordHash], [u1].[PhoneNumber], [u1].[UpdatedAtUtc], [u1].[UserName], [s].[UserId], [s].[RoleId], [s].[Id], [s].[CreatedAtUtc], [s].[Name], [s].[UpdatedAtUtc]
FROM (
    SELECT [u].[Id], [u].[CreatedAtUtc], [u].[Email], [u].[FirstName], [u].[IsActive], [u].[LastName], [u].[PasswordHash], [u].[PhoneNumber], [u].[UpdatedAtUtc], [u].[UserName]
    FROM [Users] AS [u]
    ORDER BY [u].[UserName]
    OFFSET @__p_0 ROWS FETCH NEXT @__p_1 ROWS ONLY
) AS [u1]
LEFT JOIN (
    SELECT [u0].[UserId], [u0].[RoleId], [r].[Id], [r].[CreatedAtUtc], [r].[Name], [r].[UpdatedAtUtc]
    FROM [UserRoles] AS [u0]
    INNER JOIN [Roles] AS [r] ON [u0].[RoleId] = [r].[Id]
) AS [s] ON [u1].[Id] = [s].[UserId]
ORDER BY [u1].[UserName], [u1].[Id], [s].[UserId], [s].[RoleId]
2025-06-25 07:11:25.060 +07:00 [INF] (Microsoft.EntityFrameworkCore.Database.Command) Executed DbCommand (0ms) [Parameters=[], CommandType='"Text"', CommandTimeout='30']
SELECT COUNT(*)
FROM [Users] AS [u]
2025-06-25 07:11:32.499 +07:00 [INF] (Bookstore.Application.Services.StockReceiptService) Fetching all stock receipts. Page: 1, PageSize: 15
2025-06-25 07:11:32.524 +07:00 [INF] (Microsoft.EntityFrameworkCore.Database.Command) Executed DbCommand (22ms) [Parameters=[@__p_0='0', @__p_1='15'], CommandType='"Text"', CommandTimeout='30']
SELECT [s1].[Id], [s1].[CreatedAtUtc], [s1].[Notes], [s1].[ReceiptDate], [s1].[SupplierId], [s1].[UpdatedAtUtc], [s0].[Id], [s0].[Address], [s0].[ContactPerson], [s0].[CreatedAtUtc], [s0].[Email], [s0].[Name], [s0].[Phone], [s0].[UpdatedAtUtc]
FROM (
    SELECT [s].[Id], [s].[CreatedAtUtc], [s].[Notes], [s].[ReceiptDate], [s].[SupplierId], [s].[UpdatedAtUtc]
    FROM [StockReceipts] AS [s]
    ORDER BY [s].[ReceiptDate] DESC
    OFFSET @__p_0 ROWS FETCH NEXT @__p_1 ROWS ONLY
) AS [s1]
LEFT JOIN [Suppliers] AS [s0] ON [s1].[SupplierId] = [s0].[Id]
ORDER BY [s1].[ReceiptDate] DESC
2025-06-25 07:11:35.613 +07:00 [INF] (Bookstore.Application.Services.ReportService) Fetching admin dashboard summary.
2025-06-25 07:11:35.626 +07:00 [INF] (Microsoft.EntityFrameworkCore.Database.Command) Executed DbCommand (11ms) [Parameters=[@__todayStart_0='2025-06-25T00:00:00.0000000Z', @__tomorrowStart_1='2025-06-26T00:00:00.0000000Z'], CommandType='"Text"', CommandTimeout='30']
SELECT COUNT(*)
FROM [Orders] AS [o]
WHERE [o].[OrderDate] >= @__todayStart_0 AND [o].[OrderDate] < @__tomorrowStart_1 AND [o].[Status] <> CAST(4 AS tinyint)
2025-06-25 07:11:35.640 +07:00 [INF] (Microsoft.EntityFrameworkCore.Database.Command) Executed DbCommand (5ms) [Parameters=[@__todayStart_0='2025-06-25T00:00:00.0000000Z', @__tomorrowStart_1='2025-06-26T00:00:00.0000000Z'], CommandType='"Text"', CommandTimeout='30']
SELECT COALESCE(SUM([o].[TotalAmount]), 0.0)
FROM [Orders] AS [o]
WHERE [o].[OrderDate] >= @__todayStart_0 AND [o].[OrderDate] < @__tomorrowStart_1 AND [o].[Status] = CAST(3 AS tinyint)
2025-06-25 07:11:35.648 +07:00 [INF] (Microsoft.EntityFrameworkCore.Database.Command) Executed DbCommand (3ms) [Parameters=[@__todayStart_0='2025-06-25T00:00:00.0000000Z', @__tomorrowStart_1='2025-06-26T00:00:00.0000000Z'], CommandType='"Text"', CommandTimeout='30']
SELECT COUNT(*)
FROM [Users] AS [u]
WHERE [u].[CreatedAtUtc] >= @__todayStart_0 AND [u].[CreatedAtUtc] < @__tomorrowStart_1
2025-06-25 07:11:35.658 +07:00 [INF] (Microsoft.EntityFrameworkCore.Database.Command) Executed DbCommand (4ms) [Parameters=[@__lowStockThreshold_0='10'], CommandType='"Text"', CommandTimeout='30']
SELECT COUNT(*)
FROM [Books] AS [b]
WHERE [b].[IsDeleted] = CAST(0 AS bit) AND [b].[IsDeleted] = CAST(0 AS bit) AND [b].[StockQuantity] > 0 AND [b].[StockQuantity] <= @__lowStockThreshold_0
2025-06-25 07:11:35.674 +07:00 [INF] (Bookstore.Application.Services.ReportService) Admin dashboard summary fetched successfully.
2025-06-25 07:11:37.847 +07:00 [INF] (Bookstore.Application.Services.OrderService) Fetching all orders for Admin. Page: 1, PageSize: 15, StatusFilter: None
2025-06-25 07:11:37.897 +07:00 [INF] (Microsoft.EntityFrameworkCore.Database.Command) Executed DbCommand (20ms) [Parameters=[@__p_0='0', @__p_1='15'], CommandType='"Text"', CommandTimeout='30']
SELECT [o0].[Id], [o0].[CreatedAtUtc], [o0].[DeliveryMethod], [o0].[InvoiceNumber], [o0].[OrderDate], [o0].[OrderShippingAddressId], [o0].[OrderType], [o0].[PaymentMethod], [o0].[PaymentStatus], [o0].[Status], [o0].[TotalAmount], [o0].[TransactionId], [o0].[UpdatedAtUtc], [o0].[UserId], [u].[Id], [u].[CreatedAtUtc], [u].[Email], [u].[FirstName], [u].[IsActive], [u].[LastName], [u].[PasswordHash], [u].[PhoneNumber], [u].[UpdatedAtUtc], [u].[UserName], [o1].[Id], [o1].[BookId], [o1].[OrderId], [o1].[Quantity], [o1].[UnitPrice]
FROM (
    SELECT [o].[Id], [o].[CreatedAtUtc], [o].[DeliveryMethod], [o].[InvoiceNumber], [o].[OrderDate], [o].[OrderShippingAddressId], [o].[OrderType], [o].[PaymentMethod], [o].[PaymentStatus], [o].[Status], [o].[TotalAmount], [o].[TransactionId], [o].[UpdatedAtUtc], [o].[UserId]
    FROM [Orders] AS [o]
    ORDER BY [o].[OrderDate] DESC
    OFFSET @__p_0 ROWS FETCH NEXT @__p_1 ROWS ONLY
) AS [o0]
LEFT JOIN [Users] AS [u] ON [o0].[UserId] = [u].[Id]
LEFT JOIN [OrderDetails] AS [o1] ON [o0].[Id] = [o1].[OrderId]
ORDER BY [o0].[OrderDate] DESC, [o0].[Id], [u].[Id]
2025-06-25 07:11:38.011 +07:00 [INF] (Bookstore.Application.Services.OrderService) Fetching all orders for Admin. Page: 1, PageSize: 15, StatusFilter: None
2025-06-25 07:11:38.018 +07:00 [INF] (Microsoft.EntityFrameworkCore.Database.Command) Executed DbCommand (3ms) [Parameters=[@__p_0='0', @__p_1='15'], CommandType='"Text"', CommandTimeout='30']
SELECT [o0].[Id], [o0].[CreatedAtUtc], [o0].[DeliveryMethod], [o0].[InvoiceNumber], [o0].[OrderDate], [o0].[OrderShippingAddressId], [o0].[OrderType], [o0].[PaymentMethod], [o0].[PaymentStatus], [o0].[Status], [o0].[TotalAmount], [o0].[TransactionId], [o0].[UpdatedAtUtc], [o0].[UserId], [u].[Id], [u].[CreatedAtUtc], [u].[Email], [u].[FirstName], [u].[IsActive], [u].[LastName], [u].[PasswordHash], [u].[PhoneNumber], [u].[UpdatedAtUtc], [u].[UserName], [o1].[Id], [o1].[BookId], [o1].[OrderId], [o1].[Quantity], [o1].[UnitPrice]
FROM (
    SELECT [o].[Id], [o].[CreatedAtUtc], [o].[DeliveryMethod], [o].[InvoiceNumber], [o].[OrderDate], [o].[OrderShippingAddressId], [o].[OrderType], [o].[PaymentMethod], [o].[PaymentStatus], [o].[Status], [o].[TotalAmount], [o].[TransactionId], [o].[UpdatedAtUtc], [o].[UserId]
    FROM [Orders] AS [o]
    ORDER BY [o].[OrderDate] DESC
    OFFSET @__p_0 ROWS FETCH NEXT @__p_1 ROWS ONLY
) AS [o0]
LEFT JOIN [Users] AS [u] ON [o0].[UserId] = [u].[Id]
LEFT JOIN [OrderDetails] AS [o1] ON [o0].[Id] = [o1].[OrderId]
ORDER BY [o0].[OrderDate] DESC, [o0].[Id], [u].[Id]
2025-06-25 07:11:42.075 +07:00 [INF] (Bookstore.Application.Services.OrderService) Fetching order details "ad829488-0fae-4075-a5ca-d15f97e0d196" for Admin
2025-06-25 07:11:42.112 +07:00 [INF] (Microsoft.EntityFrameworkCore.Database.Command) Executed DbCommand (33ms) [Parameters=[@__orderId_0='ad829488-0fae-4075-a5ca-d15f97e0d196'], CommandType='"Text"', CommandTimeout='30']
SELECT [s].[Id], [s].[CreatedAtUtc], [s].[DeliveryMethod], [s].[InvoiceNumber], [s].[OrderDate], [s].[OrderShippingAddressId], [s].[OrderType], [s].[PaymentMethod], [s].[PaymentStatus], [s].[Status], [s].[TotalAmount], [s].[TransactionId], [s].[UpdatedAtUtc], [s].[UserId], [s].[Id0], [s].[CreatedAtUtc0], [s].[Email], [s].[FirstName], [s].[IsActive], [s].[LastName], [s].[PasswordHash], [s].[PhoneNumber], [s].[UpdatedAtUtc0], [s].[UserName], [s].[Id1], [s].[City], [s].[District], [s].[PhoneNumber0], [s].[RecipientName], [s].[Street], [s].[Village], [s0].[Id], [s0].[BookId], [s0].[OrderId], [s0].[Quantity], [s0].[UnitPrice], [s0].[Id0], [s0].[AuthorId], [s0].[CategoryId], [s0].[CoverImageUrl], [s0].[CreatedAtUtc], [s0].[Description], [s0].[ISBN], [s0].[IsDeleted], [s0].[Price], [s0].[PublicationYear], [s0].[Publisher], [s0].[StockQuantity], [s0].[Title], [s0].[UpdatedAtUtc], [s0].[Id1], [s0].[Biography], [s0].[CreatedAtUtc0], [s0].[Name], [s0].[UpdatedAtUtc0]
FROM (
    SELECT TOP(1) [o].[Id], [o].[CreatedAtUtc], [o].[DeliveryMethod], [o].[InvoiceNumber], [o].[OrderDate], [o].[OrderShippingAddressId], [o].[OrderType], [o].[PaymentMethod], [o].[PaymentStatus], [o].[Status], [o].[TotalAmount], [o].[TransactionId], [o].[UpdatedAtUtc], [o].[UserId], [u].[Id] AS [Id0], [u].[CreatedAtUtc] AS [CreatedAtUtc0], [u].[Email], [u].[FirstName], [u].[IsActive], [u].[LastName], [u].[PasswordHash], [u].[PhoneNumber], [u].[UpdatedAtUtc] AS [UpdatedAtUtc0], [u].[UserName], [o0].[Id] AS [Id1], [o0].[City], [o0].[District], [o0].[PhoneNumber] AS [PhoneNumber0], [o0].[RecipientName], [o0].[Street], [o0].[Village]
    FROM [Orders] AS [o]
    LEFT JOIN [Users] AS [u] ON [o].[UserId] = [u].[Id]
    LEFT JOIN [OrderShippingAddresses] AS [o0] ON [o].[OrderShippingAddressId] = [o0].[Id]
    WHERE [o].[Id] = @__orderId_0
) AS [s]
LEFT JOIN (
    SELECT [o1].[Id], [o1].[BookId], [o1].[OrderId], [o1].[Quantity], [o1].[UnitPrice], [b0].[Id] AS [Id0], [b0].[AuthorId], [b0].[CategoryId], [b0].[CoverImageUrl], [b0].[CreatedAtUtc], [b0].[Description], [b0].[ISBN], [b0].[IsDeleted], [b0].[Price], [b0].[PublicationYear], [b0].[Publisher], [b0].[StockQuantity], [b0].[Title], [b0].[UpdatedAtUtc], [a].[Id] AS [Id1], [a].[Biography], [a].[CreatedAtUtc] AS [CreatedAtUtc0], [a].[Name], [a].[UpdatedAtUtc] AS [UpdatedAtUtc0]
    FROM [OrderDetails] AS [o1]
    INNER JOIN (
        SELECT [b].[Id], [b].[AuthorId], [b].[CategoryId], [b].[CoverImageUrl], [b].[CreatedAtUtc], [b].[Description], [b].[ISBN], [b].[IsDeleted], [b].[Price], [b].[PublicationYear], [b].[Publisher], [b].[StockQuantity], [b].[Title], [b].[UpdatedAtUtc]
        FROM [Books] AS [b]
        WHERE [b].[IsDeleted] = CAST(0 AS bit)
    ) AS [b0] ON [o1].[BookId] = [b0].[Id]
    LEFT JOIN [Authors] AS [a] ON [b0].[AuthorId] = [a].[Id]
) AS [s0] ON [s].[Id] = [s0].[OrderId]
ORDER BY [s].[Id], [s].[Id0], [s].[Id1], [s0].[Id], [s0].[Id0]
2025-06-25 07:11:47.106 +07:00 [INF] (Bookstore.Application.Services.OrderService) Admin "f54527eb-f806-40db-bf76-c7b0e5fa6d39" attempting to update status for Order "ad829488-0fae-4075-a5ca-d15f97e0d196" to "Completed"
2025-06-25 07:11:47.127 +07:00 [INF] (Microsoft.EntityFrameworkCore.Database.Command) Executed DbCommand (5ms) [Parameters=[@__orderId_0='ad829488-0fae-4075-a5ca-d15f97e0d196'], CommandType='"Text"', CommandTimeout='30']
SELECT [o].[Id], [o].[CreatedAtUtc], [o].[DeliveryMethod], [o].[InvoiceNumber], [o].[OrderDate], [o].[OrderShippingAddressId], [o].[OrderType], [o].[PaymentMethod], [o].[PaymentStatus], [o].[Status], [o].[TotalAmount], [o].[TransactionId], [o].[UpdatedAtUtc], [o].[UserId], [s].[Id], [s].[BookId], [s].[OrderId], [s].[Quantity], [s].[UnitPrice], [s].[Id0], [s].[AuthorId], [s].[CategoryId], [s].[CoverImageUrl], [s].[CreatedAtUtc], [s].[Description], [s].[ISBN], [s].[IsDeleted], [s].[Price], [s].[PublicationYear], [s].[Publisher], [s].[StockQuantity], [s].[Title], [s].[UpdatedAtUtc]
FROM [Orders] AS [o]
LEFT JOIN (
    SELECT [o0].[Id], [o0].[BookId], [o0].[OrderId], [o0].[Quantity], [o0].[UnitPrice], [b0].[Id] AS [Id0], [b0].[AuthorId], [b0].[CategoryId], [b0].[CoverImageUrl], [b0].[CreatedAtUtc], [b0].[Description], [b0].[ISBN], [b0].[IsDeleted], [b0].[Price], [b0].[PublicationYear], [b0].[Publisher], [b0].[StockQuantity], [b0].[Title], [b0].[UpdatedAtUtc]
    FROM [OrderDetails] AS [o0]
    INNER JOIN (
        SELECT [b].[Id], [b].[AuthorId], [b].[CategoryId], [b].[CoverImageUrl], [b].[CreatedAtUtc], [b].[Description], [b].[ISBN], [b].[IsDeleted], [b].[Price], [b].[PublicationYear], [b].[Publisher], [b].[StockQuantity], [b].[Title], [b].[UpdatedAtUtc]
        FROM [Books] AS [b]
        WHERE [b].[IsDeleted] = CAST(0 AS bit)
    ) AS [b0] ON [o0].[BookId] = [b0].[Id]
) AS [s] ON [o].[Id] = [s].[OrderId]
WHERE [o].[Id] = @__orderId_0
ORDER BY [o].[Id], [s].[Id]
2025-06-25 07:11:47.145 +07:00 [INF] (Microsoft.EntityFrameworkCore.Database.Command) Executed DbCommand (9ms) [Parameters=[@p2='ad829488-0fae-4075-a5ca-d15f97e0d196', @p0='3' (Size = 1), @p1='2025-06-25T00:11:47.1355330Z'], CommandType='"Text"', CommandTimeout='30']
SET IMPLICIT_TRANSACTIONS OFF;
SET NOCOUNT ON;
UPDATE [Orders] SET [Status] = @p0, [UpdatedAtUtc] = @p1
OUTPUT 1
WHERE [Id] = @p2;
2025-06-25 07:11:47.149 +07:00 [INF] (Bookstore.Application.Services.OrderService) Successfully updated status for Order "ad829488-0fae-4075-a5ca-d15f97e0d196" to "Completed" by Admin "f54527eb-f806-40db-bf76-c7b0e5fa6d39"
2025-06-25 07:11:48.472 +07:00 [INF] (Bookstore.Application.Services.OrderService) Fetching all orders for Admin. Page: 1, PageSize: 15, StatusFilter: None
2025-06-25 07:11:48.478 +07:00 [INF] (Microsoft.EntityFrameworkCore.Database.Command) Executed DbCommand (2ms) [Parameters=[@__p_0='0', @__p_1='15'], CommandType='"Text"', CommandTimeout='30']
SELECT [o0].[Id], [o0].[CreatedAtUtc], [o0].[DeliveryMethod], [o0].[InvoiceNumber], [o0].[OrderDate], [o0].[OrderShippingAddressId], [o0].[OrderType], [o0].[PaymentMethod], [o0].[PaymentStatus], [o0].[Status], [o0].[TotalAmount], [o0].[TransactionId], [o0].[UpdatedAtUtc], [o0].[UserId], [u].[Id], [u].[CreatedAtUtc], [u].[Email], [u].[FirstName], [u].[IsActive], [u].[LastName], [u].[PasswordHash], [u].[PhoneNumber], [u].[UpdatedAtUtc], [u].[UserName], [o1].[Id], [o1].[BookId], [o1].[OrderId], [o1].[Quantity], [o1].[UnitPrice]
FROM (
    SELECT [o].[Id], [o].[CreatedAtUtc], [o].[DeliveryMethod], [o].[InvoiceNumber], [o].[OrderDate], [o].[OrderShippingAddressId], [o].[OrderType], [o].[PaymentMethod], [o].[PaymentStatus], [o].[Status], [o].[TotalAmount], [o].[TransactionId], [o].[UpdatedAtUtc], [o].[UserId]
    FROM [Orders] AS [o]
    ORDER BY [o].[OrderDate] DESC
    OFFSET @__p_0 ROWS FETCH NEXT @__p_1 ROWS ONLY
) AS [o0]
LEFT JOIN [Users] AS [u] ON [o0].[UserId] = [u].[Id]
LEFT JOIN [OrderDetails] AS [o1] ON [o0].[Id] = [o1].[OrderId]
ORDER BY [o0].[OrderDate] DESC, [o0].[Id], [u].[Id]
2025-06-25 07:11:48.576 +07:00 [INF] (Bookstore.Application.Services.OrderService) Fetching all orders for Admin. Page: 1, PageSize: 15, StatusFilter: None
2025-06-25 07:11:48.581 +07:00 [INF] (Microsoft.EntityFrameworkCore.Database.Command) Executed DbCommand (2ms) [Parameters=[@__p_0='0', @__p_1='15'], CommandType='"Text"', CommandTimeout='30']
SELECT [o0].[Id], [o0].[CreatedAtUtc], [o0].[DeliveryMethod], [o0].[InvoiceNumber], [o0].[OrderDate], [o0].[OrderShippingAddressId], [o0].[OrderType], [o0].[PaymentMethod], [o0].[PaymentStatus], [o0].[Status], [o0].[TotalAmount], [o0].[TransactionId], [o0].[UpdatedAtUtc], [o0].[UserId], [u].[Id], [u].[CreatedAtUtc], [u].[Email], [u].[FirstName], [u].[IsActive], [u].[LastName], [u].[PasswordHash], [u].[PhoneNumber], [u].[UpdatedAtUtc], [u].[UserName], [o1].[Id], [o1].[BookId], [o1].[OrderId], [o1].[Quantity], [o1].[UnitPrice]
FROM (
    SELECT [o].[Id], [o].[CreatedAtUtc], [o].[DeliveryMethod], [o].[InvoiceNumber], [o].[OrderDate], [o].[OrderShippingAddressId], [o].[OrderType], [o].[PaymentMethod], [o].[PaymentStatus], [o].[Status], [o].[TotalAmount], [o].[TransactionId], [o].[UpdatedAtUtc], [o].[UserId]
    FROM [Orders] AS [o]
    ORDER BY [o].[OrderDate] DESC
    OFFSET @__p_0 ROWS FETCH NEXT @__p_1 ROWS ONLY
) AS [o0]
LEFT JOIN [Users] AS [u] ON [o0].[UserId] = [u].[Id]
LEFT JOIN [OrderDetails] AS [o1] ON [o0].[Id] = [o1].[OrderId]
ORDER BY [o0].[OrderDate] DESC, [o0].[Id], [u].[Id]
2025-06-25 07:11:53.202 +07:00 [INF] (Microsoft.EntityFrameworkCore.Database.Command) Executed DbCommand (16ms) [Parameters=[@__p_0='0', @__p_1='15'], CommandType='"Text"', CommandTimeout='30']
SELECT [u1].[Id], [u1].[CreatedAtUtc], [u1].[Email], [u1].[FirstName], [u1].[IsActive], [u1].[LastName], [u1].[PasswordHash], [u1].[PhoneNumber], [u1].[UpdatedAtUtc], [u1].[UserName], [s].[UserId], [s].[RoleId], [s].[Id], [s].[CreatedAtUtc], [s].[Name], [s].[UpdatedAtUtc]
FROM (
    SELECT [u].[Id], [u].[CreatedAtUtc], [u].[Email], [u].[FirstName], [u].[IsActive], [u].[LastName], [u].[PasswordHash], [u].[PhoneNumber], [u].[UpdatedAtUtc], [u].[UserName]
    FROM [Users] AS [u]
    ORDER BY [u].[UserName]
    OFFSET @__p_0 ROWS FETCH NEXT @__p_1 ROWS ONLY
) AS [u1]
LEFT JOIN (
    SELECT [u0].[UserId], [u0].[RoleId], [r].[Id], [r].[CreatedAtUtc], [r].[Name], [r].[UpdatedAtUtc]
    FROM [UserRoles] AS [u0]
    INNER JOIN [Roles] AS [r] ON [u0].[RoleId] = [r].[Id]
) AS [s] ON [u1].[Id] = [s].[UserId]
ORDER BY [u1].[UserName], [u1].[Id], [s].[UserId], [s].[RoleId]
2025-06-25 07:11:53.211 +07:00 [INF] (Microsoft.EntityFrameworkCore.Database.Command) Executed DbCommand (1ms) [Parameters=[], CommandType='"Text"', CommandTimeout='30']
SELECT COUNT(*)
FROM [Users] AS [u]
2025-06-25 07:11:57.518 +07:00 [INF] (Bookstore.Application.Services.OrderService) Fetching all orders for Admin. Page: 1, PageSize: 15, StatusFilter: None
2025-06-25 07:11:57.525 +07:00 [INF] (Microsoft.EntityFrameworkCore.Database.Command) Executed DbCommand (3ms) [Parameters=[@__p_0='0', @__p_1='15'], CommandType='"Text"', CommandTimeout='30']
SELECT [o0].[Id], [o0].[CreatedAtUtc], [o0].[DeliveryMethod], [o0].[InvoiceNumber], [o0].[OrderDate], [o0].[OrderShippingAddressId], [o0].[OrderType], [o0].[PaymentMethod], [o0].[PaymentStatus], [o0].[Status], [o0].[TotalAmount], [o0].[TransactionId], [o0].[UpdatedAtUtc], [o0].[UserId], [u].[Id], [u].[CreatedAtUtc], [u].[Email], [u].[FirstName], [u].[IsActive], [u].[LastName], [u].[PasswordHash], [u].[PhoneNumber], [u].[UpdatedAtUtc], [u].[UserName], [o1].[Id], [o1].[BookId], [o1].[OrderId], [o1].[Quantity], [o1].[UnitPrice]
FROM (
    SELECT [o].[Id], [o].[CreatedAtUtc], [o].[DeliveryMethod], [o].[InvoiceNumber], [o].[OrderDate], [o].[OrderShippingAddressId], [o].[OrderType], [o].[PaymentMethod], [o].[PaymentStatus], [o].[Status], [o].[TotalAmount], [o].[TransactionId], [o].[UpdatedAtUtc], [o].[UserId]
    FROM [Orders] AS [o]
    ORDER BY [o].[OrderDate] DESC
    OFFSET @__p_0 ROWS FETCH NEXT @__p_1 ROWS ONLY
) AS [o0]
LEFT JOIN [Users] AS [u] ON [o0].[UserId] = [u].[Id]
LEFT JOIN [OrderDetails] AS [o1] ON [o0].[Id] = [o1].[OrderId]
ORDER BY [o0].[OrderDate] DESC, [o0].[Id], [u].[Id]
2025-06-25 07:11:57.612 +07:00 [INF] (Bookstore.Application.Services.OrderService) Fetching all orders for Admin. Page: 1, PageSize: 15, StatusFilter: None
2025-06-25 07:11:57.628 +07:00 [INF] (Microsoft.EntityFrameworkCore.Database.Command) Executed DbCommand (7ms) [Parameters=[@__p_0='0', @__p_1='15'], CommandType='"Text"', CommandTimeout='30']
SELECT [o0].[Id], [o0].[CreatedAtUtc], [o0].[DeliveryMethod], [o0].[InvoiceNumber], [o0].[OrderDate], [o0].[OrderShippingAddressId], [o0].[OrderType], [o0].[PaymentMethod], [o0].[PaymentStatus], [o0].[Status], [o0].[TotalAmount], [o0].[TransactionId], [o0].[UpdatedAtUtc], [o0].[UserId], [u].[Id], [u].[CreatedAtUtc], [u].[Email], [u].[FirstName], [u].[IsActive], [u].[LastName], [u].[PasswordHash], [u].[PhoneNumber], [u].[UpdatedAtUtc], [u].[UserName], [o1].[Id], [o1].[BookId], [o1].[OrderId], [o1].[Quantity], [o1].[UnitPrice]
FROM (
    SELECT [o].[Id], [o].[CreatedAtUtc], [o].[DeliveryMethod], [o].[InvoiceNumber], [o].[OrderDate], [o].[OrderShippingAddressId], [o].[OrderType], [o].[PaymentMethod], [o].[PaymentStatus], [o].[Status], [o].[TotalAmount], [o].[TransactionId], [o].[UpdatedAtUtc], [o].[UserId]
    FROM [Orders] AS [o]
    ORDER BY [o].[OrderDate] DESC
    OFFSET @__p_0 ROWS FETCH NEXT @__p_1 ROWS ONLY
) AS [o0]
LEFT JOIN [Users] AS [u] ON [o0].[UserId] = [u].[Id]
LEFT JOIN [OrderDetails] AS [o1] ON [o0].[Id] = [o1].[OrderId]
ORDER BY [o0].[OrderDate] DESC, [o0].[Id], [u].[Id]
2025-06-25 07:12:00.151 +07:00 [INF] (Bookstore.Application.Services.ReportService) Fetching admin dashboard summary.
2025-06-25 07:12:00.154 +07:00 [INF] (Microsoft.EntityFrameworkCore.Database.Command) Executed DbCommand (0ms) [Parameters=[@__todayStart_0='2025-06-25T00:00:00.0000000Z', @__tomorrowStart_1='2025-06-26T00:00:00.0000000Z'], CommandType='"Text"', CommandTimeout='30']
SELECT COUNT(*)
FROM [Orders] AS [o]
WHERE [o].[OrderDate] >= @__todayStart_0 AND [o].[OrderDate] < @__tomorrowStart_1 AND [o].[Status] <> CAST(4 AS tinyint)
2025-06-25 07:12:00.160 +07:00 [INF] (Microsoft.EntityFrameworkCore.Database.Command) Executed DbCommand (1ms) [Parameters=[@__todayStart_0='2025-06-25T00:00:00.0000000Z', @__tomorrowStart_1='2025-06-26T00:00:00.0000000Z'], CommandType='"Text"', CommandTimeout='30']
SELECT COALESCE(SUM([o].[TotalAmount]), 0.0)
FROM [Orders] AS [o]
WHERE [o].[OrderDate] >= @__todayStart_0 AND [o].[OrderDate] < @__tomorrowStart_1 AND [o].[Status] = CAST(3 AS tinyint)
2025-06-25 07:12:00.171 +07:00 [INF] (Microsoft.EntityFrameworkCore.Database.Command) Executed DbCommand (1ms) [Parameters=[@__todayStart_0='2025-06-25T00:00:00.0000000Z', @__tomorrowStart_1='2025-06-26T00:00:00.0000000Z'], CommandType='"Text"', CommandTimeout='30']
SELECT COUNT(*)
FROM [Users] AS [u]
WHERE [u].[CreatedAtUtc] >= @__todayStart_0 AND [u].[CreatedAtUtc] < @__tomorrowStart_1
2025-06-25 07:12:00.186 +07:00 [INF] (Microsoft.EntityFrameworkCore.Database.Command) Executed DbCommand (1ms) [Parameters=[@__lowStockThreshold_0='10'], CommandType='"Text"', CommandTimeout='30']
SELECT COUNT(*)
FROM [Books] AS [b]
WHERE [b].[IsDeleted] = CAST(0 AS bit) AND [b].[IsDeleted] = CAST(0 AS bit) AND [b].[StockQuantity] > 0 AND [b].[StockQuantity] <= @__lowStockThreshold_0
2025-06-25 07:12:00.195 +07:00 [INF] (Bookstore.Application.Services.ReportService) Admin dashboard summary fetched successfully.
